******************************************************************************
                  TI ARM Linker PC v16.9.0                     
******************************************************************************
>> Linked Sun Feb 12 20:17:05 2017

OUTPUT FILE NAME:   <MPU9250.out>
ENTRY POINT SYMBOL: "_c_int00"  address: 00000f99


MEMORY CONFIGURATION

         name            origin    length      used     unused   attr    fill
----------------------  --------  ---------  --------  --------  ----  --------
  FLASH                 00000000   00040000  000014d6  0003eb2a  R  X
  SRAM                  20000000   00008000  00000220  00007de0  RW X


SEGMENT ALLOCATION MAP

run origin  load origin   length   init length attrs members
----------  ----------- ---------- ----------- ----- -------
00000000    00000000    000014dc   000014dc    r-x
  00000000    00000000    0000026c   0000026c    r-- .intvecs
  0000026c    0000026c    0000111a   0000111a    r-x .text
  00001388    00001388    0000012c   0000012c    r-- .const
  000014b8    000014b8    00000024   00000024    r-- .cinit
20000000    20000000    00000220   00000000    rw-
  20000000    20000000    00000200   00000000    rw- .stack
  20000200    20000200    00000020   00000000    rw- .data


SECTION ALLOCATION MAP

 output                                  attributes/
section   page    origin      length       input sections
--------  ----  ----------  ----------   ----------------
.intvecs   0    00000000    0000026c     
                  00000000    0000026c     tm4c123gh6pm_startup_ccs.obj (.intvecs)

.text      0    0000026c    0000111a     
                  0000026c    0000049c     uartstdio.obj (.text)
                  00000708    00000230     mpu.obj (.text)
                  00000938    00000132     driverlib.lib : gpio.obj (.text:GPIOPadConfigSet)
                  00000a6a    00000002     rtsv7M4_T_le_v4SPD16_eabi.lib : i_div0.obj (.text)
                  00000a6c    00000110     driverlib.lib : sysctl.obj (.text:SysCtlClockGet)
                  00000b7c    00000108     main.obj (.text)
                  00000c84    000000f4     driverlib.lib : sysctl.obj (.text:SysCtlClockSet)
                  00000d78    000000ac     i2c.obj (.text)
                  00000e24    0000009c     rtsv7M4_T_le_v4SPD16_eabi.lib : memcpy_t2.obj (.text)
                  00000ec0    00000070                                   : autoinit.obj (.text)
                  00000f30    00000068                                   : copy_decompress_lzss.obj (.text:decompress:lzss)
                  00000f98    00000054                                   : boot.obj (.text)
                  00000fec    00000054                                   : exit.obj (.text)
                  00001040    0000004c     driverlib.lib : i2c.obj (.text:I2CMasterInitExpClk)
                  0000108c    0000004c     console.obj (.text)
                  000010d8    0000004c     rtsv7M4_T_le_v4SPD16_eabi.lib : cpy_tbl.obj (.text)
                  00001124    00000048     driverlib.lib : gpio.obj (.text:GPIOPinConfigure)
                  0000116c    00000046                   : uart.obj (.text:UARTConfigSetExpClk)
                  000011b2    00000040     rtsv7M4_T_le_v4SPD16_eabi.lib : u_divt2.obj (.text)
                  000011f2    00000002                                   : mpu_init.obj (.text)
                  000011f4    00000038     driverlib.lib : sysctl.obj (.text:SysCtlPeripheralPresent)
                  0000122c    00000034                   : sysctl.obj (.text:SysCtlPeripheralEnable)
                  00001260    0000002a                   : gpio.obj (.text:GPIODirModeSet)
                  0000128a    00000002     rtsv7M4_T_le_v4SPD16_eabi.lib : startup.obj (.text)
                  0000128c    00000020     driverlib.lib : uart.obj (.text:UARTDisable)
                  000012ac    00000018     rtsv7M4_T_le_v4SPD16_eabi.lib : args_main.obj (.text)
                  000012c4    00000014     driverlib.lib : uart.obj (.text:UARTEnable)
                  000012d8    00000014     rtsv7M4_T_le_v4SPD16_eabi.lib : _lock.obj (.text)
                  000012ec    00000012     driverlib.lib : gpio.obj (.text:GPIOPinTypeI2C)
                  000012fe    00000012                   : gpio.obj (.text:GPIOPinTypeI2CSCL)
                  00001310    00000012                   : gpio.obj (.text:GPIOPinTypeUART)
                  00001322    0000000e     rtsv7M4_T_le_v4SPD16_eabi.lib : copy_decompress_none.obj (.text:decompress:none)
                  00001330    0000000c     tm4c123gh6pm_startup_ccs.obj (.text)
                  0000133c    0000000a     driverlib.lib : i2c.obj (.text:I2CMasterEnable)
                  00001346    0000000a                   : uart.obj (.text:UARTCharGet)
                  00001350    0000000a                   : uart.obj (.text:UARTCharPut)
                  0000135a    00000008                   : i2c.obj (.text:I2CMasterBusy)
                  00001362    00000008                   : i2c.obj (.text:I2CMasterSlaveAddrSet)
                  0000136a    00000006                   : sysctl.obj (.text:SysCtlDelay)
                  00001370    00000006                   : uart.obj (.text:UARTClockSourceSet)
                  00001376    00000004                   : i2c.obj (.text:I2CMasterControl)
                  0000137a    00000004                   : i2c.obj (.text:I2CMasterDataGet)
                  0000137e    00000004                   : i2c.obj (.text:I2CMasterDataPut)
                  00001382    00000004     rtsv7M4_T_le_v4SPD16_eabi.lib : pre_init.obj (.text)

.const     0    00001388    0000012c     
                  00001388    00000090     driverlib.lib : gpio.obj (.const:g_pui32GPIOBaseAddrs)
                  00001418    0000006c                   : sysctl.obj (.const:g_pui32Xtals)
                  00001484    00000012     uartstdio.obj (.const:.string)
                  00001496    00000002     --HOLE-- [fill = 0]
                  00001498    0000000c     uartstdio.obj (.const:g_ui32UARTBase)
                  000014a4    0000000c     uartstdio.obj (.const:g_ui32UARTPeriph)
                  000014b0    00000004     uartstdio.obj (.const)

.cinit     0    000014b8    00000024     
                  000014b8    00000011     (.cinit..data.load) [load image, compression = lzss]
                  000014c9    00000003     --HOLE-- [fill = 0]
                  000014cc    00000008     (__TI_handler_table)
                  000014d4    00000008     (__TI_cinit_table)

.init_array 
*          0    00000000    00000000     UNINITIALIZED

.stack     0    20000000    00000200     UNINITIALIZED
                  20000000    00000200     --HOLE--

.data      0    20000200    00000020     UNINITIALIZED
                  20000200    0000000c     rtsv7M4_T_le_v4SPD16_eabi.lib : exit.obj (.data:$O1$$)
                  2000020c    00000008                                   : _lock.obj (.data:$O1$$)
                  20000214    00000005     uartstdio.obj (.data)
                  20000219    00000003     --HOLE--
                  2000021c    00000004     rtsv7M4_T_le_v4SPD16_eabi.lib : stkdepth_vars.obj (.data)

MODULE SUMMARY

       Module                         code   ro data   rw data
       ------                         ----   -------   -------
    .\
       uartstdio.obj                  1180   46        5      
       tm4c123gh6pm_startup_ccs.obj   12     620       0      
       mpu.obj                        560    0         0      
       main.obj                       264    0         0      
       i2c.obj                        172    0         0      
       console.obj                    76     0         0      
    +--+------------------------------+------+---------+---------+
       Total:                         2264   666       5      
                                                              
    C:/ti/TivaWare_C_Series-2.1.3.156/driverlib/ccs/Debug/driverlib.lib
       sysctl.obj                     630    108       0      
       gpio.obj                       474    144       0      
       uart.obj                       148    0         0      
       i2c.obj                        114    0         0      
    +--+------------------------------+------+---------+---------+
       Total:                         1366   252       0      
                                                              
    C:\ti\ccsv7\tools\compiler\ti-cgt-arm_16.9.0.LTS\lib\rtsv7M4_T_le_v4SPD16_eabi.lib
       memcpy_t2.obj                  156    0         0      
       autoinit.obj                   112    0         0      
       copy_decompress_lzss.obj       104    0         0      
       exit.obj                       84     0         12     
       boot.obj                       84     0         0      
       cpy_tbl.obj                    76     0         0      
       u_divt2.obj                    64     0         0      
       _lock.obj                      20     0         8      
       args_main.obj                  24     0         0      
       copy_decompress_none.obj       14     0         0      
       pre_init.obj                   4      0         0      
       stkdepth_vars.obj              0      0         4      
       i_div0.obj                     2      0         0      
       mpu_init.obj                   2      0         0      
       startup.obj                    2      0         0      
    +--+------------------------------+------+---------+---------+
       Total:                         748    0         24     
                                                              
       Stack:                         0      0         512    
       Linker Generated:              0      33        0      
    +--+------------------------------+------+---------+---------+
       Grand Total:                   4378   951       541    


LINKER GENERATED COPY TABLES

__TI_cinit_table @ 000014d4 records: 1, size/record: 8, table size: 8
	.data: load addr=000014b8, load size=00000011 bytes, run addr=20000200, run size=00000020 bytes, compression=lzss


LINKER GENERATED HANDLER TABLE

__TI_handler_table @ 000014cc records: 2, size/record: 4, table size: 8
	index: 0, handler: __TI_decompress_lzss
	index: 1, handler: __TI_decompress_none


GLOBAL SYMBOLS: SORTED ALPHABETICALLY BY Name 

address   name                           
-------   ----                           
00000fed  C$$EXIT                        
00001261  GPIODirModeSet                 
00000939  GPIOPadConfigSet               
00001125  GPIOPinConfigure               
000012ed  GPIOPinTypeI2C                 
000012ff  GPIOPinTypeI2CSCL              
00001311  GPIOPinTypeUART                
0000135b  I2CMasterBusy                  
00001377  I2CMasterControl               
0000137b  I2CMasterDataGet               
0000137f  I2CMasterDataPut               
0000133d  I2CMasterEnable                
00001041  I2CMasterInitExpClk            
00001363  I2CMasterSlaveAddrSet          
0000108d  InitConsole                    
00001331  ResetISR                       
UNDEFED   SHT$$INIT_ARRAY$$Base          
UNDEFED   SHT$$INIT_ARRAY$$Limit         
00000a6d  SysCtlClockGet                 
00000c85  SysCtlClockSet                 
0000136b  SysCtlDelay                    
0000122d  SysCtlPeripheralEnable         
000011f5  SysCtlPeripheralPresent        
00001347  UARTCharGet                    
00001351  UARTCharPut                    
00001371  UARTClockSourceSet             
0000116d  UARTConfigSetExpClk            
0000128d  UARTDisable                    
000012c5  UARTEnable                     
0000026d  UARTStdioConfig                
000003b3  UARTgetc                       
000002f9  UARTgets                       
000006d3  UARTprintf                     
000003d9  UARTvprintf                    
000002b3  UARTwrite                      
20000200  __STACK_END                    
00000200  __STACK_SIZE                   
20000200  __STACK_TOP                    
000014d4  __TI_CINIT_Base                
000014dc  __TI_CINIT_Limit               
000014cc  __TI_Handler_Table_Base        
000014d4  __TI_Handler_Table_Limit       
00000ec1  __TI_auto_init                 
20000200  __TI_cleanup_ptr               
00000f31  __TI_decompress_lzss           
00001323  __TI_decompress_none           
20000204  __TI_dtors_ptr                 
20000208  __TI_enable_exit_profile_output
ffffffff  __TI_pprof_out_hndl            
ffffffff  __TI_prof_data_size            
ffffffff  __TI_prof_data_start           
00000000  __TI_static_base__             
00000a6b  __aeabi_idiv0                  
00000e25  __aeabi_memcpy                 
00000e25  __aeabi_memcpy4                
00000e25  __aeabi_memcpy8                
000011b3  __aeabi_uidiv                  
000011b3  __aeabi_uidivmod               
ffffffff  __binit__                      
ffffffff  __c_args__                     
000011f3  __mpu_init                     
20000000  __stack                        
000012ad  _args_main                     
00000f99  _c_int00                       
2000020c  _lock                          
000012e7  _nop                           
000012df  _register_lock                 
000012d9  _register_unlock               
0000128b  _system_post_cinit             
00001383  _system_pre_init               
20000210  _unlock                        
00000ff1  abort                          
ffffffff  binit                          
000010d9  copy_in                        
00000ff9  exit                           
00000000  g_pfnVectors                   
00000de1  i2c_read                       
00000db3  i2c_write                      
00000d79  init_i2c                       
00000741  init_mpu                       
00000b7d  main                           
2000021c  main_func_sp                   
00000e25  memcpy                         
00000709  mpu_read                       
0000081b  mpu_read_accelerometer         
0000088d  mpu_read_gyro                  
000008ff  mpu_read_temperature           
00000929  mpu_who_ami                    
00000725  mpu_write                      


GLOBAL SYMBOLS: SORTED BY Symbol Address 

address   name                           
-------   ----                           
00000000  __TI_static_base__             
00000000  g_pfnVectors                   
00000200  __STACK_SIZE                   
0000026d  UARTStdioConfig                
000002b3  UARTwrite                      
000002f9  UARTgets                       
000003b3  UARTgetc                       
000003d9  UARTvprintf                    
000006d3  UARTprintf                     
00000709  mpu_read                       
00000725  mpu_write                      
00000741  init_mpu                       
0000081b  mpu_read_accelerometer         
0000088d  mpu_read_gyro                  
000008ff  mpu_read_temperature           
00000929  mpu_who_ami                    
00000939  GPIOPadConfigSet               
00000a6b  __aeabi_idiv0                  
00000a6d  SysCtlClockGet                 
00000b7d  main                           
00000c85  SysCtlClockSet                 
00000d79  init_i2c                       
00000db3  i2c_write                      
00000de1  i2c_read                       
00000e25  __aeabi_memcpy                 
00000e25  __aeabi_memcpy4                
00000e25  __aeabi_memcpy8                
00000e25  memcpy                         
00000ec1  __TI_auto_init                 
00000f31  __TI_decompress_lzss           
00000f99  _c_int00                       
00000fed  C$$EXIT                        
00000ff1  abort                          
00000ff9  exit                           
00001041  I2CMasterInitExpClk            
0000108d  InitConsole                    
000010d9  copy_in                        
00001125  GPIOPinConfigure               
0000116d  UARTConfigSetExpClk            
000011b3  __aeabi_uidiv                  
000011b3  __aeabi_uidivmod               
000011f3  __mpu_init                     
000011f5  SysCtlPeripheralPresent        
0000122d  SysCtlPeripheralEnable         
00001261  GPIODirModeSet                 
0000128b  _system_post_cinit             
0000128d  UARTDisable                    
000012ad  _args_main                     
000012c5  UARTEnable                     
000012d9  _register_unlock               
000012df  _register_lock                 
000012e7  _nop                           
000012ed  GPIOPinTypeI2C                 
000012ff  GPIOPinTypeI2CSCL              
00001311  GPIOPinTypeUART                
00001323  __TI_decompress_none           
00001331  ResetISR                       
0000133d  I2CMasterEnable                
00001347  UARTCharGet                    
00001351  UARTCharPut                    
0000135b  I2CMasterBusy                  
00001363  I2CMasterSlaveAddrSet          
0000136b  SysCtlDelay                    
00001371  UARTClockSourceSet             
00001377  I2CMasterControl               
0000137b  I2CMasterDataGet               
0000137f  I2CMasterDataPut               
00001383  _system_pre_init               
000014cc  __TI_Handler_Table_Base        
000014d4  __TI_CINIT_Base                
000014d4  __TI_Handler_Table_Limit       
000014dc  __TI_CINIT_Limit               
20000000  __stack                        
20000200  __STACK_END                    
20000200  __STACK_TOP                    
20000200  __TI_cleanup_ptr               
20000204  __TI_dtors_ptr                 
20000208  __TI_enable_exit_profile_output
2000020c  _lock                          
20000210  _unlock                        
2000021c  main_func_sp                   
ffffffff  __TI_pprof_out_hndl            
ffffffff  __TI_prof_data_size            
ffffffff  __TI_prof_data_start           
ffffffff  __binit__                      
ffffffff  __c_args__                     
ffffffff  binit                          
UNDEFED   SHT$$INIT_ARRAY$$Base          
UNDEFED   SHT$$INIT_ARRAY$$Limit         

[89 symbols]
