******************************************************************************
                  TI ARM Linker PC v16.9.0                     
******************************************************************************
>> Linked Sun Feb 26 23:04:34 2017

OUTPUT FILE NAME:   <MPU9250.out>
ENTRY POINT SYMBOL: "_c_int00"  address: 00001671


MEMORY CONFIGURATION

         name            origin    length      used     unused   attr    fill
----------------------  --------  ---------  --------  --------  ----  --------
  FLASH                 00000000   00040000  00001c86  0003e37a  R  X
  SRAM                  20000000   00008000  00000228  00007dd8  RW X


SEGMENT ALLOCATION MAP

run origin  load origin   length   init length attrs members
----------  ----------- ---------- ----------- ----- -------
00000000    00000000    00001c88   00001c88    r-x
  00000000    00000000    0000026c   0000026c    r-- .intvecs
  0000026c    0000026c    000018b6   000018b6    r-x .text
  00001b24    00001b24    0000012c   0000012c    r-- .const
  00001c50    00001c50    00000038   00000038    r-- .cinit
20000000    20000000    00000228   00000000    rw-
  20000000    20000000    00000200   00000000    rw- .stack
  20000200    20000200    00000020   00000000    rw- .data
  20000220    20000220    00000008   00000000    rw- .bss


SECTION ALLOCATION MAP

 output                                  attributes/
section   page    origin      length       input sections
--------  ----  ----------  ----------   ----------------
.intvecs   0    00000000    0000026c     
                  00000000    0000026c     tm4c123gh6pm_startup_ccs.obj (.intvecs)

.text      0    0000026c    000018b6     
                  0000026c    00000740     mpu.obj (.text)
                  000009ac    0000049c     uartstdio.obj (.text)
                  00000e48    00000238     i2c.obj (.text)
                  00001080    00000132     driverlib.lib : gpio.obj (.text:GPIOPadConfigSet)
                  000011b2    00000002     rtsv7M4_T_le_v4SPD16_eabi.lib : i_div0.obj (.text)
                  000011b4    00000110     driverlib.lib : sysctl.obj (.text:SysCtlClockGet)
                  000012c4    000000f4                   : sysctl.obj (.text:SysCtlClockSet)
                  000013b8    0000009c     rtsv7M4_T_le_v4SPD16_eabi.lib : memcpy_t2.obj (.text)
                  00001454    0000007a                                   : memset_t2.obj (.text)
                  000014ce    00000002                                   : mpu_init.obj (.text)
                  000014d0    00000074     main.obj (.text)
                  00001544    00000070     rtsv7M4_T_le_v4SPD16_eabi.lib : autoinit.obj (.text)
                  000015b4    00000068                                   : copy_decompress_lzss.obj (.text:decompress:lzss)
                  0000161c    00000054     alarm.obj (.text)
                  00001670    00000054     rtsv7M4_T_le_v4SPD16_eabi.lib : boot.obj (.text)
                  000016c4    00000054                                   : exit.obj (.text)
                  00001718    00000050     gpio.obj (.text)
                  00001768    0000004c     driverlib.lib : i2c.obj (.text:I2CMasterInitExpClk)
                  000017b4    0000004c     console.obj (.text)
                  00001800    0000004c     rtsv7M4_T_le_v4SPD16_eabi.lib : cpy_tbl.obj (.text)
                  0000184c    00000048     driverlib.lib : gpio.obj (.text:GPIOPinConfigure)
                  00001894    00000046                   : uart.obj (.text:UARTConfigSetExpClk)
                  000018da    00000040     rtsv7M4_T_le_v4SPD16_eabi.lib : u_divt2.obj (.text)
                  0000191a    00000002                                   : startup.obj (.text)
                  0000191c    00000038     driverlib.lib : sysctl.obj (.text:SysCtlPeripheralPresent)
                  00001954    00000038                   : sysctl.obj (.text:SysCtlPeripheralReady)
                  0000198c    00000034                   : sysctl.obj (.text:SysCtlPeripheralEnable)
                  000019c0    0000002a                   : gpio.obj (.text:GPIODirModeSet)
                  000019ea    00000002     --HOLE-- [fill = 0]
                  000019ec    00000020                   : uart.obj (.text:UARTDisable)
                  00001a0c    00000018                   : gpio.obj (.text:GPIOPinTypeGPIOOutput)
                  00001a24    00000018     rtsv7M4_T_le_v4SPD16_eabi.lib : args_main.obj (.text)
                  00001a3c    00000014     driverlib.lib : uart.obj (.text:UARTEnable)
                  00001a50    00000014     rtsv7M4_T_le_v4SPD16_eabi.lib : _lock.obj (.text)
                  00001a64    00000012     driverlib.lib : gpio.obj (.text:GPIOPinTypeGPIOInput)
                  00001a76    00000012                   : gpio.obj (.text:GPIOPinTypeI2C)
                  00001a88    00000012                   : gpio.obj (.text:GPIOPinTypeI2CSCL)
                  00001a9a    00000012                   : gpio.obj (.text:GPIOPinTypeUART)
                  00001aac    0000000e     rtsv7M4_T_le_v4SPD16_eabi.lib : copy_decompress_none.obj (.text:decompress:none)
                  00001aba    0000000c                                   : copy_zero_init.obj (.text:decompress:ZI)
                  00001ac6    0000000c     tm4c123gh6pm_startup_ccs.obj (.text)
                  00001ad2    0000000a     driverlib.lib : i2c.obj (.text:I2CMasterEnable)
                  00001adc    0000000a                   : uart.obj (.text:UARTCharGet)
                  00001ae6    0000000a                   : uart.obj (.text:UARTCharPut)
                  00001af0    00000008                   : i2c.obj (.text:I2CMasterBusy)
                  00001af8    00000008                   : i2c.obj (.text:I2CMasterSlaveAddrSet)
                  00001b00    00000006                   : gpio.obj (.text:GPIOPinWrite)
                  00001b06    00000006                   : sysctl.obj (.text:SysCtlDelay)
                  00001b0c    00000006                   : uart.obj (.text:UARTClockSourceSet)
                  00001b12    00000004                   : i2c.obj (.text:I2CMasterControl)
                  00001b16    00000004                   : i2c.obj (.text:I2CMasterDataGet)
                  00001b1a    00000004                   : i2c.obj (.text:I2CMasterDataPut)
                  00001b1e    00000004     rtsv7M4_T_le_v4SPD16_eabi.lib : pre_init.obj (.text)

.const     0    00001b24    0000012c     
                  00001b24    00000090     driverlib.lib : gpio.obj (.const:g_pui32GPIOBaseAddrs)
                  00001bb4    0000006c                   : sysctl.obj (.const:g_pui32Xtals)
                  00001c20    00000012     uartstdio.obj (.const:.string)
                  00001c32    00000002     --HOLE-- [fill = 0]
                  00001c34    0000000c     uartstdio.obj (.const:g_ui32UARTBase)
                  00001c40    0000000c     uartstdio.obj (.const:g_ui32UARTPeriph)
                  00001c4c    00000004     uartstdio.obj (.const)

.cinit     0    00001c50    00000038     
                  00001c50    00000011     (.cinit..data.load) [load image, compression = lzss]
                  00001c61    00000003     --HOLE-- [fill = 0]
                  00001c64    0000000c     (__TI_handler_table)
                  00001c70    00000008     (.cinit..bss.load) [load image, compression = zero_init]
                  00001c78    00000010     (__TI_cinit_table)

.init_array 
*          0    00000000    00000000     UNINITIALIZED

.stack     0    20000000    00000200     UNINITIALIZED
                  20000000    00000200     --HOLE--

.data      0    20000200    00000020     UNINITIALIZED
                  20000200    0000000c     rtsv7M4_T_le_v4SPD16_eabi.lib : exit.obj (.data:$O1$$)
                  2000020c    00000008                                   : _lock.obj (.data:$O1$$)
                  20000214    00000005     uartstdio.obj (.data)
                  20000219    00000002     mpu.obj (.data)
                  2000021b    00000001     --HOLE--
                  2000021c    00000004     rtsv7M4_T_le_v4SPD16_eabi.lib : stkdepth_vars.obj (.data)

.bss       0    20000220    00000008     UNINITIALIZED
                  20000220    00000004     (.common:aRes)
                  20000224    00000004     (.common:gRes)

MODULE SUMMARY

       Module                         code   ro data   rw data
       ------                         ----   -------   -------
    .\
       mpu.obj                        1856   0         10     
       uartstdio.obj                  1180   46        5      
       tm4c123gh6pm_startup_ccs.obj   12     620       0      
       i2c.obj                        568    0         0      
       main.obj                       116    0         0      
       alarm.obj                      84     0         0      
       gpio.obj                       80     0         0      
       console.obj                    76     0         0      
    +--+------------------------------+------+---------+---------+
       Total:                         3972   666       15     
                                                              
    C:/ti/TivaWare_C_Series-2.1.3.156/driverlib/ccs/Debug/driverlib.lib
       sysctl.obj                     686    108       0      
       gpio.obj                       522    144       0      
       uart.obj                       148    0         0      
       i2c.obj                        114    0         0      
    +--+------------------------------+------+---------+---------+
       Total:                         1470   252       0      
                                                              
    C:\ti\ccsv7\tools\compiler\ti-cgt-arm_16.9.0.LTS\lib\rtsv7M4_T_le_v4SPD16_eabi.lib
       memcpy_t2.obj                  156    0         0      
       memset_t2.obj                  122    0         0      
       autoinit.obj                   112    0         0      
       copy_decompress_lzss.obj       104    0         0      
       exit.obj                       84     0         12     
       boot.obj                       84     0         0      
       cpy_tbl.obj                    76     0         0      
       u_divt2.obj                    64     0         0      
       _lock.obj                      20     0         8      
       args_main.obj                  24     0         0      
       copy_decompress_none.obj       14     0         0      
       copy_zero_init.obj             12     0         0      
       pre_init.obj                   4      0         0      
       stkdepth_vars.obj              0      0         4      
       i_div0.obj                     2      0         0      
       mpu_init.obj                   2      0         0      
       startup.obj                    2      0         0      
    +--+------------------------------+------+---------+---------+
       Total:                         882    0         24     
                                                              
       Stack:                         0      0         512    
       Linker Generated:              0      53        0      
    +--+------------------------------+------+---------+---------+
       Grand Total:                   6324   971       551    


LINKER GENERATED COPY TABLES

__TI_cinit_table @ 00001c78 records: 2, size/record: 8, table size: 16
	.data: load addr=00001c50, load size=00000011 bytes, run addr=20000200, run size=00000020 bytes, compression=lzss
	.bss: load addr=00001c70, load size=00000008 bytes, run addr=20000220, run size=00000008 bytes, compression=zero_init


LINKER GENERATED HANDLER TABLE

__TI_handler_table @ 00001c64 records: 3, size/record: 4, table size: 12
	index: 0, handler: __TI_decompress_lzss
	index: 1, handler: __TI_decompress_none
	index: 2, handler: __TI_zero_init


GLOBAL SYMBOLS: SORTED ALPHABETICALLY BY Name 

address   name                              
-------   ----                              
0000161d  Alarms_Init                       
000016c5  C$$EXIT                           
000019c1  GPIODirModeSet                    
00001081  GPIOPadConfigSet                  
0000184d  GPIOPinConfigure                  
00001a65  GPIOPinTypeGPIOInput              
00001a0d  GPIOPinTypeGPIOOutput             
00001a77  GPIOPinTypeI2C                    
00001a89  GPIOPinTypeI2CSCL                 
00001a9b  GPIOPinTypeUART                   
00001b01  GPIOPinWrite                      
00001719  GPIO_Init                         
00001745  GPIO_on                           
00001af1  I2CMasterBusy                     
00001b13  I2CMasterControl                  
00001b17  I2CMasterDataGet                  
00001b1b  I2CMasterDataPut                  
00001ad3  I2CMasterEnable                   
00001769  I2CMasterInitExpClk               
00001af9  I2CMasterSlaveAddrSet             
00000e49  I2C_Init                          
0000100d  I2C_ReadByte                      
00000f4b  I2C_ReadBytes                     
00000f29  I2C_WriteByte                     
00000e8d  I2C_WriteBytes                    
000017b5  InitConsole                       
00001625  LED_ArmedAlarm                    
00001661  LED_FailedAlarm                   
00000823  MPU9250_AccelerometerRead         
00000371  MPU9250_Calibrate                 
000008bf  MPU9250_GyroscopeRead             
000007a5  MPU9250_Init                      
0000026d  MPU9250_SetAccelerometerResolution
000002d7  MPU9250_SetGyroscopeResolution    
0000095b  MPU9250_TemperatureRead           
00000991  MPU9250_WhoAmI                    
00001ac7  ResetISR                          
UNDEFED   SHT$$INIT_ARRAY$$Base             
UNDEFED   SHT$$INIT_ARRAY$$Limit            
000011b5  SysCtlClockGet                    
000012c5  SysCtlClockSet                    
00001b07  SysCtlDelay                       
0000198d  SysCtlPeripheralEnable            
0000191d  SysCtlPeripheralPresent           
00001955  SysCtlPeripheralReady             
00001add  UARTCharGet                       
00001ae7  UARTCharPut                       
00001b0d  UARTClockSourceSet                
00001895  UARTConfigSetExpClk               
000019ed  UARTDisable                       
00001a3d  UARTEnable                        
000009ad  UARTStdioConfig                   
00000af3  UARTgetc                          
00000a39  UARTgets                          
00000e13  UARTprintf                        
00000b19  UARTvprintf                       
000009f3  UARTwrite                         
20000200  __STACK_END                       
00000200  __STACK_SIZE                      
20000200  __STACK_TOP                       
00001c78  __TI_CINIT_Base                   
00001c88  __TI_CINIT_Limit                  
00001c64  __TI_Handler_Table_Base           
00001c70  __TI_Handler_Table_Limit          
00001545  __TI_auto_init                    
20000200  __TI_cleanup_ptr                  
000015b5  __TI_decompress_lzss              
00001aad  __TI_decompress_none              
20000204  __TI_dtors_ptr                    
20000208  __TI_enable_exit_profile_output   
ffffffff  __TI_pprof_out_hndl               
ffffffff  __TI_prof_data_size               
ffffffff  __TI_prof_data_start              
00000000  __TI_static_base__                
00001abb  __TI_zero_init                    
000011b3  __aeabi_idiv0                     
00001455  __aeabi_memclr                    
00001455  __aeabi_memclr4                   
00001455  __aeabi_memclr8                   
000013b9  __aeabi_memcpy                    
000013b9  __aeabi_memcpy4                   
000013b9  __aeabi_memcpy8                   
00001457  __aeabi_memset                    
00001457  __aeabi_memset4                   
00001457  __aeabi_memset8                   
000018db  __aeabi_uidiv                     
000018db  __aeabi_uidivmod                  
ffffffff  __binit__                         
ffffffff  __c_args__                        
000014cf  __mpu_init                        
20000000  __stack                           
00001a25  _args_main                        
00001671  _c_int00                          
2000020c  _lock                             
00001a5f  _nop                              
00001a57  _register_lock                    
00001a51  _register_unlock                  
0000191b  _system_post_cinit                
00001b1f  _system_pre_init                  
20000210  _unlock                           
20000220  aRes                              
20000219  aScale                            
000016c9  abort                             
ffffffff  binit                             
00001801  copy_in                           
000016d1  exit                              
20000224  gRes                              
2000021a  gScale                            
00000000  g_pfnVectors                      
000014d1  main                              
2000021c  main_func_sp                      
000013b9  memcpy                            
0000145d  memset                            


GLOBAL SYMBOLS: SORTED BY Symbol Address 

address   name                              
-------   ----                              
00000000  __TI_static_base__                
00000000  g_pfnVectors                      
00000200  __STACK_SIZE                      
0000026d  MPU9250_SetAccelerometerResolution
000002d7  MPU9250_SetGyroscopeResolution    
00000371  MPU9250_Calibrate                 
000007a5  MPU9250_Init                      
00000823  MPU9250_AccelerometerRead         
000008bf  MPU9250_GyroscopeRead             
0000095b  MPU9250_TemperatureRead           
00000991  MPU9250_WhoAmI                    
000009ad  UARTStdioConfig                   
000009f3  UARTwrite                         
00000a39  UARTgets                          
00000af3  UARTgetc                          
00000b19  UARTvprintf                       
00000e13  UARTprintf                        
00000e49  I2C_Init                          
00000e8d  I2C_WriteBytes                    
00000f29  I2C_WriteByte                     
00000f4b  I2C_ReadBytes                     
0000100d  I2C_ReadByte                      
00001081  GPIOPadConfigSet                  
000011b3  __aeabi_idiv0                     
000011b5  SysCtlClockGet                    
000012c5  SysCtlClockSet                    
000013b9  __aeabi_memcpy                    
000013b9  __aeabi_memcpy4                   
000013b9  __aeabi_memcpy8                   
000013b9  memcpy                            
00001455  __aeabi_memclr                    
00001455  __aeabi_memclr4                   
00001455  __aeabi_memclr8                   
00001457  __aeabi_memset                    
00001457  __aeabi_memset4                   
00001457  __aeabi_memset8                   
0000145d  memset                            
000014cf  __mpu_init                        
000014d1  main                              
00001545  __TI_auto_init                    
000015b5  __TI_decompress_lzss              
0000161d  Alarms_Init                       
00001625  LED_ArmedAlarm                    
00001661  LED_FailedAlarm                   
00001671  _c_int00                          
000016c5  C$$EXIT                           
000016c9  abort                             
000016d1  exit                              
00001719  GPIO_Init                         
00001745  GPIO_on                           
00001769  I2CMasterInitExpClk               
000017b5  InitConsole                       
00001801  copy_in                           
0000184d  GPIOPinConfigure                  
00001895  UARTConfigSetExpClk               
000018db  __aeabi_uidiv                     
000018db  __aeabi_uidivmod                  
0000191b  _system_post_cinit                
0000191d  SysCtlPeripheralPresent           
00001955  SysCtlPeripheralReady             
0000198d  SysCtlPeripheralEnable            
000019c1  GPIODirModeSet                    
000019ed  UARTDisable                       
00001a0d  GPIOPinTypeGPIOOutput             
00001a25  _args_main                        
00001a3d  UARTEnable                        
00001a51  _register_unlock                  
00001a57  _register_lock                    
00001a5f  _nop                              
00001a65  GPIOPinTypeGPIOInput              
00001a77  GPIOPinTypeI2C                    
00001a89  GPIOPinTypeI2CSCL                 
00001a9b  GPIOPinTypeUART                   
00001aad  __TI_decompress_none              
00001abb  __TI_zero_init                    
00001ac7  ResetISR                          
00001ad3  I2CMasterEnable                   
00001add  UARTCharGet                       
00001ae7  UARTCharPut                       
00001af1  I2CMasterBusy                     
00001af9  I2CMasterSlaveAddrSet             
00001b01  GPIOPinWrite                      
00001b07  SysCtlDelay                       
00001b0d  UARTClockSourceSet                
00001b13  I2CMasterControl                  
00001b17  I2CMasterDataGet                  
00001b1b  I2CMasterDataPut                  
00001b1f  _system_pre_init                  
00001c64  __TI_Handler_Table_Base           
00001c70  __TI_Handler_Table_Limit          
00001c78  __TI_CINIT_Base                   
00001c88  __TI_CINIT_Limit                  
20000000  __stack                           
20000200  __STACK_END                       
20000200  __STACK_TOP                       
20000200  __TI_cleanup_ptr                  
20000204  __TI_dtors_ptr                    
20000208  __TI_enable_exit_profile_output   
2000020c  _lock                             
20000210  _unlock                           
20000219  aScale                            
2000021a  gScale                            
2000021c  main_func_sp                      
20000220  aRes                              
20000224  gRes                              
ffffffff  __TI_pprof_out_hndl               
ffffffff  __TI_prof_data_size               
ffffffff  __TI_prof_data_start              
ffffffff  __binit__                         
ffffffff  __c_args__                        
ffffffff  binit                             
UNDEFED   SHT$$INIT_ARRAY$$Base             
UNDEFED   SHT$$INIT_ARRAY$$Limit            

[113 symbols]
