******************************************************************************
                  TI ARM Linker PC v16.9.0                     
******************************************************************************
>> Linked Sun Apr 02 21:06:10 2017

OUTPUT FILE NAME:   <MPU9250.out>
ENTRY POINT SYMBOL: "_c_int00"  address: 00001d6d


MEMORY CONFIGURATION

         name            origin    length      used     unused   attr    fill
----------------------  --------  ---------  --------  --------  ----  --------
  FLASH                 00000000   00040000  00002382  0003dc7e  R  X
  SRAM                  20000000   00008000  00000220  00007de0  RW X


SEGMENT ALLOCATION MAP

run origin  load origin   length   init length attrs members
----------  ----------- ---------- ----------- ----- -------
00000000    00000000    00002384   00002384    r-x
  00000000    00000000    0000026c   0000026c    r-- .intvecs
  0000026c    0000026c    00001fc6   00001fc6    r-x .text
  00002234    00002234    0000012c   0000012c    r-- .const
  00002360    00002360    00000024   00000024    r-- .cinit
20000000    20000000    00000220   00000000    rw-
  20000000    20000000    00000200   00000000    rw- .stack
  20000200    20000200    00000020   00000000    rw- .data


SECTION ALLOCATION MAP

 output                                  attributes/
section   page    origin      length       input sections
--------  ----  ----------  ----------   ----------------
.intvecs   0    00000000    0000026c     
                  00000000    0000026c     tm4c123gh6pm_startup_ccs.obj (.intvecs)

.text      0    0000026c    00001fc6     
                  0000026c    000005e0     mpu.obj (.text)
                  0000084c    0000049c     uartstdio.obj (.text)
                  00000ce8    00000414     mpu9250.obj (.text)
                  000010fc    00000238     i2c.obj (.text)
                  00001334    0000021e     rtsv7M4_T_le_v4SPD16_eabi.lib : ll_div_t2.obj (.text)
                  00001552    00000136                                   : fd_div_t2.obj (.text)
                  00001688    00000132     driverlib.lib : gpio.obj (.text:GPIOPadConfigSet)
                  000017ba    00000002     rtsv7M4_T_le_v4SPD16_eabi.lib : i_div0.obj (.text)
                  000017bc    00000110     driverlib.lib : sysctl.obj (.text:SysCtlClockGet)
                  000018cc    000000f8     main.obj (.text)
                  000019c4    000000f4     driverlib.lib : sysctl.obj (.text:SysCtlClockSet)
                  00001ab8    0000009c     rtsv7M4_T_le_v4SPD16_eabi.lib : memcpy_t2.obj (.text)
                  00001b54    0000007a                                   : memset_t2.obj (.text)
                  00001bce    00000002                                   : l_div0.obj (.text)
                  00001bd0    00000070                                   : autoinit.obj (.text)
                  00001c40    0000006e                                   : fd_tos_t2.obj (.text)
                  00001cae    00000068                                   : copy_decompress_lzss.obj (.text:decompress:lzss)
                  00001d16    00000002                                   : mpu_init.obj (.text)
                  00001d18    00000054     alarm.obj (.text)
                  00001d6c    00000054     rtsv7M4_T_le_v4SPD16_eabi.lib : boot.obj (.text)
                  00001dc0    00000054                                   : exit.obj (.text)
                  00001e14    00000050     gpio.obj (.text)
                  00001e64    0000004c     driverlib.lib : i2c.obj (.text:I2CMasterInitExpClk)
                  00001eb0    0000004c     console.obj (.text)
                  00001efc    0000004c     rtsv7M4_T_le_v4SPD16_eabi.lib : cpy_tbl.obj (.text)
                  00001f48    00000048     driverlib.lib : gpio.obj (.text:GPIOPinConfigure)
                  00001f90    00000046                   : uart.obj (.text:UARTConfigSetExpClk)
                  00001fd6    00000040     rtsv7M4_T_le_v4SPD16_eabi.lib : u_divt2.obj (.text)
                  00002016    00000002                                   : startup.obj (.text)
                  00002018    00000038     driverlib.lib : sysctl.obj (.text:SysCtlPeripheralPresent)
                  00002050    00000038                   : sysctl.obj (.text:SysCtlPeripheralReady)
                  00002088    00000034                   : sysctl.obj (.text:SysCtlPeripheralEnable)
                  000020bc    0000002a                   : gpio.obj (.text:GPIODirModeSet)
                  000020e6    00000002     --HOLE-- [fill = 0]
                  000020e8    00000020                   : uart.obj (.text:UARTDisable)
                  00002108    00000020     rtsv7M4_T_le_v4SPD16_eabi.lib : u_tofd_t2.obj (.text)
                  00002128    00000018     driverlib.lib : gpio.obj (.text:GPIOPinTypeGPIOOutput)
                  00002140    00000018     rtsv7M4_T_le_v4SPD16_eabi.lib : args_main.obj (.text)
                  00002158    00000014     driverlib.lib : uart.obj (.text:UARTEnable)
                  0000216c    00000014     rtsv7M4_T_le_v4SPD16_eabi.lib : _lock.obj (.text)
                  00002180    00000012     driverlib.lib : gpio.obj (.text:GPIOPinTypeGPIOInput)
                  00002192    00000012                   : gpio.obj (.text:GPIOPinTypeI2C)
                  000021a4    00000012                   : gpio.obj (.text:GPIOPinTypeI2CSCL)
                  000021b6    00000012                   : gpio.obj (.text:GPIOPinTypeUART)
                  000021c8    0000000e     rtsv7M4_T_le_v4SPD16_eabi.lib : copy_decompress_none.obj (.text:decompress:none)
                  000021d6    0000000c     tm4c123gh6pm_startup_ccs.obj (.text)
                  000021e2    0000000a     driverlib.lib : i2c.obj (.text:I2CMasterEnable)
                  000021ec    0000000a                   : uart.obj (.text:UARTCharGet)
                  000021f6    0000000a                   : uart.obj (.text:UARTCharPut)
                  00002200    00000008                   : i2c.obj (.text:I2CMasterBusy)
                  00002208    00000008                   : i2c.obj (.text:I2CMasterSlaveAddrSet)
                  00002210    00000006                   : gpio.obj (.text:GPIOPinWrite)
                  00002216    00000006                   : sysctl.obj (.text:SysCtlDelay)
                  0000221c    00000006                   : uart.obj (.text:UARTClockSourceSet)
                  00002222    00000004                   : i2c.obj (.text:I2CMasterControl)
                  00002226    00000004                   : i2c.obj (.text:I2CMasterDataGet)
                  0000222a    00000004                   : i2c.obj (.text:I2CMasterDataPut)
                  0000222e    00000004     rtsv7M4_T_le_v4SPD16_eabi.lib : pre_init.obj (.text)

.const     0    00002234    0000012c     
                  00002234    00000090     driverlib.lib : gpio.obj (.const:g_pui32GPIOBaseAddrs)
                  000022c4    0000006c                   : sysctl.obj (.const:g_pui32Xtals)
                  00002330    00000012     uartstdio.obj (.const:.string)
                  00002342    00000002     --HOLE-- [fill = 0]
                  00002344    0000000c     uartstdio.obj (.const:g_ui32UARTBase)
                  00002350    0000000c     uartstdio.obj (.const:g_ui32UARTPeriph)
                  0000235c    00000004     uartstdio.obj (.const)

.cinit     0    00002360    00000024     
                  00002360    00000011     (.cinit..data.load) [load image, compression = lzss]
                  00002371    00000003     --HOLE-- [fill = 0]
                  00002374    00000008     (__TI_handler_table)
                  0000237c    00000008     (__TI_cinit_table)

.init_array 
*          0    00000000    00000000     UNINITIALIZED

.stack     0    20000000    00000200     UNINITIALIZED
                  20000000    00000200     --HOLE--

.data      0    20000200    00000020     UNINITIALIZED
                  20000200    0000000c     rtsv7M4_T_le_v4SPD16_eabi.lib : exit.obj (.data:$O1$$)
                  2000020c    00000008                                   : _lock.obj (.data:$O1$$)
                  20000214    00000005     uartstdio.obj (.data)
                  20000219    00000003     --HOLE--
                  2000021c    00000004     rtsv7M4_T_le_v4SPD16_eabi.lib : stkdepth_vars.obj (.data)

MODULE SUMMARY

       Module                         code   ro data   rw data
       ------                         ----   -------   -------
    .\
       mpu.obj                        1504   0         0      
       uartstdio.obj                  1180   46        5      
       mpu9250.obj                    1044   0         0      
       tm4c123gh6pm_startup_ccs.obj   12     620       0      
       i2c.obj                        568    0         0      
       main.obj                       248    0         0      
       alarm.obj                      84     0         0      
       gpio.obj                       80     0         0      
       console.obj                    76     0         0      
    +--+------------------------------+------+---------+---------+
       Total:                         4796   666       5      
                                                              
    C:/ti/TivaWare_C_Series-2.1.3.156/driverlib/ccs/Debug/driverlib.lib
       sysctl.obj                     686    108       0      
       gpio.obj                       522    144       0      
       uart.obj                       148    0         0      
       i2c.obj                        114    0         0      
    +--+------------------------------+------+---------+---------+
       Total:                         1470   252       0      
                                                              
    C:\ti\ccsv7\tools\compiler\ti-cgt-arm_16.9.0.LTS\lib\rtsv7M4_T_le_v4SPD16_eabi.lib
       ll_div_t2.obj                  542    0         0      
       fd_div_t2.obj                  310    0         0      
       memcpy_t2.obj                  156    0         0      
       memset_t2.obj                  122    0         0      
       autoinit.obj                   112    0         0      
       fd_tos_t2.obj                  110    0         0      
       copy_decompress_lzss.obj       104    0         0      
       exit.obj                       84     0         12     
       boot.obj                       84     0         0      
       cpy_tbl.obj                    76     0         0      
       u_divt2.obj                    64     0         0      
       u_tofd_t2.obj                  32     0         0      
       _lock.obj                      20     0         8      
       args_main.obj                  24     0         0      
       copy_decompress_none.obj       14     0         0      
       pre_init.obj                   4      0         0      
       stkdepth_vars.obj              0      0         4      
       i_div0.obj                     2      0         0      
       l_div0.obj                     2      0         0      
       mpu_init.obj                   2      0         0      
       startup.obj                    2      0         0      
    +--+------------------------------+------+---------+---------+
       Total:                         1866   0         24     
                                                              
       Stack:                         0      0         512    
       Linker Generated:              0      33        0      
    +--+------------------------------+------+---------+---------+
       Grand Total:                   8132   951       541    


LINKER GENERATED COPY TABLES

__TI_cinit_table @ 0000237c records: 1, size/record: 8, table size: 8
	.data: load addr=00002360, load size=00000011 bytes, run addr=20000200, run size=00000020 bytes, compression=lzss


LINKER GENERATED HANDLER TABLE

__TI_handler_table @ 00002374 records: 2, size/record: 4, table size: 8
	index: 0, handler: __TI_decompress_lzss
	index: 1, handler: __TI_decompress_none


GLOBAL SYMBOLS: SORTED ALPHABETICALLY BY Name 

address   name                           
-------   ----                           
00001d19  Alarms_Init                    
00001dc1  C$$EXIT                        
000020bd  GPIODirModeSet                 
00001689  GPIOPadConfigSet               
00001f49  GPIOPinConfigure               
00002181  GPIOPinTypeGPIOInput           
00002129  GPIOPinTypeGPIOOutput          
00002193  GPIOPinTypeI2C                 
000021a5  GPIOPinTypeI2CSCL              
000021b7  GPIOPinTypeUART                
00002211  GPIOPinWrite                   
00001e15  GPIO_Init                      
00001e41  GPIO_on                        
00002201  I2CMasterBusy                  
00002223  I2CMasterControl               
00002227  I2CMasterDataGet               
0000222b  I2CMasterDataPut               
000021e3  I2CMasterEnable                
00001e65  I2CMasterInitExpClk            
00002209  I2CMasterSlaveAddrSet          
000010fd  I2C_Init                       
000012c3  I2C_ReadByte                   
000011ff  I2C_ReadBytes                  
000011dd  I2C_WriteByte                  
00001141  I2C_WriteBytes                 
00001eb1  InitConsole                    
00001d21  LED_ArmedAlarm                 
00001d5d  LED_FailedAlarm                
00000f55  MPU9250_Accelerometer          
00000ff1  MPU9250_Gyroscope              
000010dd  MPU9250_Motion                 
00001099  MPU9250_Temperature            
00000ce9  MPU9250_calibrate              
00000371  MPU_ReadAcceConfiguration      
00000391  MPU_ReadAcceConfiguration2     
000007a3  MPU_ReadAcceIntControl         
000003b1  MPU_ReadAcceLowPowerODR        
00000701  MPU_ReadAccelerometer          
00000331  MPU_ReadConfiguration          
00000737  MPU_ReadExternalSensors        
00000821  MPU_ReadFIFO                   
0000080f  MPU_ReadFIFOCount              
000003f1  MPU_ReadFIFOEnable             
00000351  MPU_ReadGyroConfiguration      
00000713  MPU_ReadGyroscope              
00000411  MPU_ReadI2CMasterControl       
00000763  MPU_ReadI2CMasterDelayCtl      
000006a9  MPU_ReadI2CMasterStatus        
00000431  MPU_ReadI2Slave0Addr           
00000471  MPU_ReadI2Slave0Ctrl           
00000491  MPU_ReadI2Slave0DO             
00000451  MPU_ReadI2Slave0Reg            
000004b1  MPU_ReadI2Slave1Addr           
000004f1  MPU_ReadI2Slave1Ctrl           
00000511  MPU_ReadI2Slave1DO             
000004d1  MPU_ReadI2Slave1Reg            
00000531  MPU_ReadI2Slave2Addr           
00000571  MPU_ReadI2Slave2Ctrl           
00000591  MPU_ReadI2Slave2DO             
00000551  MPU_ReadI2Slave2Reg            
000005b1  MPU_ReadI2Slave3Addr           
000005f1  MPU_ReadI2Slave3Ctrl           
00000611  MPU_ReadI2Slave3DO             
000005d1  MPU_ReadI2Slave3Reg            
00000631  MPU_ReadI2Slave4Addr           
00000671  MPU_ReadI2Slave4Ctrl           
0000069d  MPU_ReadI2Slave4DI             
00000691  MPU_ReadI2Slave4DO             
00000651  MPU_ReadI2Slave4Reg            
000006e9  MPU_ReadINTEnable              
000006c9  MPU_ReadINTPinEnable           
000006f5  MPU_ReadINTStatus              
000002eb  MPU_ReadOffsetsAcce            
000002c7  MPU_ReadOffsetsGyro            
000007e3  MPU_ReadPowerManagement1       
00000803  MPU_ReadPowerManagement2       
00000311  MPU_ReadSampleRateDivider      
000002a3  MPU_ReadSelfTestAcce           
0000027f  MPU_ReadSelfTestGyro           
00000783  MPU_ReadSignalPathReset        
00000725  MPU_ReadTemperature            
000007c3  MPU_ReadUserControl            
000003d1  MPU_ReadWakeOnMotion           
00000841  MPU_WhoAmI                     
0000035d  MPU_WriteAcceConfiguration     
0000037d  MPU_WriteAcceConfiguration2    
0000078f  MPU_WriteAcceIntControl        
0000039d  MPU_WriteAcceLowPowerODR       
0000031d  MPU_WriteConfiguration         
0000082d  MPU_WriteFIFO                  
000003dd  MPU_WriteFIFOEnable            
0000033d  MPU_WriteGyroConfiguration     
000003fd  MPU_WriteI2CMasterControl      
0000074f  MPU_WriteI2CMasterDelayCtl     
0000041d  MPU_WriteI2CSlave0Addr         
0000045d  MPU_WriteI2CSlave0Ctrl         
0000047d  MPU_WriteI2CSlave0DO           
0000043d  MPU_WriteI2CSlave0Reg          
0000049d  MPU_WriteI2CSlave1Addr         
000004dd  MPU_WriteI2CSlave1Ctrl         
000004fd  MPU_WriteI2CSlave1DO           
000004bd  MPU_WriteI2CSlave1Reg          
0000051d  MPU_WriteI2CSlave2Addr         
0000055d  MPU_WriteI2CSlave2Ctrl         
0000057d  MPU_WriteI2CSlave2DO           
0000053d  MPU_WriteI2CSlave2Reg          
0000059d  MPU_WriteI2CSlave3Addr         
000005dd  MPU_WriteI2CSlave3Ctrl         
000005fd  MPU_WriteI2CSlave3DO           
000005bd  MPU_WriteI2CSlave3Reg          
0000061d  MPU_WriteI2CSlave4Addr         
0000065d  MPU_WriteI2CSlave4Ctrl         
0000067d  MPU_WriteI2CSlave4DO           
0000063d  MPU_WriteI2CSlave4Reg          
000006d5  MPU_WriteINTEnable             
000006b5  MPU_WriteINTPinEnable          
000002d9  MPU_WriteOffsetsAcce           
000002b5  MPU_WriteOffsetsGyro           
000007cf  MPU_WritePowerManagement1      
000007ef  MPU_WritePowerManagement2      
000002fd  MPU_WriteSampleRateDivider     
00000291  MPU_WriteSelfTestAcce          
0000026d  MPU_WriteSelfTestGyro          
0000076f  MPU_WriteSignalPathReset       
000007af  MPU_WriteUserControl           
000003bd  MPU_WriteWakeOnMotion          
000021d7  ResetISR                       
UNDEFED   SHT$$INIT_ARRAY$$Base          
UNDEFED   SHT$$INIT_ARRAY$$Limit         
000017bd  SysCtlClockGet                 
000019c5  SysCtlClockSet                 
00002217  SysCtlDelay                    
00002089  SysCtlPeripheralEnable         
00002019  SysCtlPeripheralPresent        
00002051  SysCtlPeripheralReady          
000021ed  UARTCharGet                    
000021f7  UARTCharPut                    
0000221d  UARTClockSourceSet             
00001f91  UARTConfigSetExpClk            
000020e9  UARTDisable                    
00002159  UARTEnable                     
0000084d  UARTStdioConfig                
00000993  UARTgetc                       
000008d9  UARTgets                       
00000cb3  UARTprintf                     
000009b9  UARTvprintf                    
00000893  UARTwrite                      
20000200  __STACK_END                    
00000200  __STACK_SIZE                   
20000200  __STACK_TOP                    
0000237c  __TI_CINIT_Base                
00002384  __TI_CINIT_Limit               
00002374  __TI_Handler_Table_Base        
0000237c  __TI_Handler_Table_Limit       
00001bd1  __TI_auto_init                 
20000200  __TI_cleanup_ptr               
00001caf  __TI_decompress_lzss           
000021c9  __TI_decompress_none           
20000204  __TI_dtors_ptr                 
20000208  __TI_enable_exit_profile_output
ffffffff  __TI_pprof_out_hndl            
ffffffff  __TI_prof_data_size            
ffffffff  __TI_prof_data_start           
00000000  __TI_static_base__             
00001c41  __aeabi_d2f                    
00001553  __aeabi_ddiv                   
000017bb  __aeabi_idiv0                  
00001bcf  __aeabi_ldiv0                  
00001335  __aeabi_ldivmod                
00001b55  __aeabi_memclr                 
00001b55  __aeabi_memclr4                
00001b55  __aeabi_memclr8                
00001ab9  __aeabi_memcpy                 
00001ab9  __aeabi_memcpy4                
00001ab9  __aeabi_memcpy8                
00001b57  __aeabi_memset                 
00001b57  __aeabi_memset4                
00001b57  __aeabi_memset8                
00002109  __aeabi_ui2d                   
00001fd7  __aeabi_uidiv                  
00001fd7  __aeabi_uidivmod               
ffffffff  __binit__                      
ffffffff  __c_args__                     
00001d17  __mpu_init                     
20000000  __stack                        
00002141  _args_main                     
00001d6d  _c_int00                       
2000020c  _lock                          
0000217b  _nop                           
00002173  _register_lock                 
0000216d  _register_unlock               
00002017  _system_post_cinit             
0000222f  _system_pre_init               
20000210  _unlock                        
00001dc5  abort                          
ffffffff  binit                          
00001efd  copy_in                        
00001dcd  exit                           
00000000  g_pfnVectors                   
000018cd  main                           
2000021c  main_func_sp                   
00001ab9  memcpy                         
00001b5d  memset                         


GLOBAL SYMBOLS: SORTED BY Symbol Address 

address   name                           
-------   ----                           
00000000  __TI_static_base__             
00000000  g_pfnVectors                   
00000200  __STACK_SIZE                   
0000026d  MPU_WriteSelfTestGyro          
0000027f  MPU_ReadSelfTestGyro           
00000291  MPU_WriteSelfTestAcce          
000002a3  MPU_ReadSelfTestAcce           
000002b5  MPU_WriteOffsetsGyro           
000002c7  MPU_ReadOffsetsGyro            
000002d9  MPU_WriteOffsetsAcce           
000002eb  MPU_ReadOffsetsAcce            
000002fd  MPU_WriteSampleRateDivider     
00000311  MPU_ReadSampleRateDivider      
0000031d  MPU_WriteConfiguration         
00000331  MPU_ReadConfiguration          
0000033d  MPU_WriteGyroConfiguration     
00000351  MPU_ReadGyroConfiguration      
0000035d  MPU_WriteAcceConfiguration     
00000371  MPU_ReadAcceConfiguration      
0000037d  MPU_WriteAcceConfiguration2    
00000391  MPU_ReadAcceConfiguration2     
0000039d  MPU_WriteAcceLowPowerODR       
000003b1  MPU_ReadAcceLowPowerODR        
000003bd  MPU_WriteWakeOnMotion          
000003d1  MPU_ReadWakeOnMotion           
000003dd  MPU_WriteFIFOEnable            
000003f1  MPU_ReadFIFOEnable             
000003fd  MPU_WriteI2CMasterControl      
00000411  MPU_ReadI2CMasterControl       
0000041d  MPU_WriteI2CSlave0Addr         
00000431  MPU_ReadI2Slave0Addr           
0000043d  MPU_WriteI2CSlave0Reg          
00000451  MPU_ReadI2Slave0Reg            
0000045d  MPU_WriteI2CSlave0Ctrl         
00000471  MPU_ReadI2Slave0Ctrl           
0000047d  MPU_WriteI2CSlave0DO           
00000491  MPU_ReadI2Slave0DO             
0000049d  MPU_WriteI2CSlave1Addr         
000004b1  MPU_ReadI2Slave1Addr           
000004bd  MPU_WriteI2CSlave1Reg          
000004d1  MPU_ReadI2Slave1Reg            
000004dd  MPU_WriteI2CSlave1Ctrl         
000004f1  MPU_ReadI2Slave1Ctrl           
000004fd  MPU_WriteI2CSlave1DO           
00000511  MPU_ReadI2Slave1DO             
0000051d  MPU_WriteI2CSlave2Addr         
00000531  MPU_ReadI2Slave2Addr           
0000053d  MPU_WriteI2CSlave2Reg          
00000551  MPU_ReadI2Slave2Reg            
0000055d  MPU_WriteI2CSlave2Ctrl         
00000571  MPU_ReadI2Slave2Ctrl           
0000057d  MPU_WriteI2CSlave2DO           
00000591  MPU_ReadI2Slave2DO             
0000059d  MPU_WriteI2CSlave3Addr         
000005b1  MPU_ReadI2Slave3Addr           
000005bd  MPU_WriteI2CSlave3Reg          
000005d1  MPU_ReadI2Slave3Reg            
000005dd  MPU_WriteI2CSlave3Ctrl         
000005f1  MPU_ReadI2Slave3Ctrl           
000005fd  MPU_WriteI2CSlave3DO           
00000611  MPU_ReadI2Slave3DO             
0000061d  MPU_WriteI2CSlave4Addr         
00000631  MPU_ReadI2Slave4Addr           
0000063d  MPU_WriteI2CSlave4Reg          
00000651  MPU_ReadI2Slave4Reg            
0000065d  MPU_WriteI2CSlave4Ctrl         
00000671  MPU_ReadI2Slave4Ctrl           
0000067d  MPU_WriteI2CSlave4DO           
00000691  MPU_ReadI2Slave4DO             
0000069d  MPU_ReadI2Slave4DI             
000006a9  MPU_ReadI2CMasterStatus        
000006b5  MPU_WriteINTPinEnable          
000006c9  MPU_ReadINTPinEnable           
000006d5  MPU_WriteINTEnable             
000006e9  MPU_ReadINTEnable              
000006f5  MPU_ReadINTStatus              
00000701  MPU_ReadAccelerometer          
00000713  MPU_ReadGyroscope              
00000725  MPU_ReadTemperature            
00000737  MPU_ReadExternalSensors        
0000074f  MPU_WriteI2CMasterDelayCtl     
00000763  MPU_ReadI2CMasterDelayCtl      
0000076f  MPU_WriteSignalPathReset       
00000783  MPU_ReadSignalPathReset        
0000078f  MPU_WriteAcceIntControl        
000007a3  MPU_ReadAcceIntControl         
000007af  MPU_WriteUserControl           
000007c3  MPU_ReadUserControl            
000007cf  MPU_WritePowerManagement1      
000007e3  MPU_ReadPowerManagement1       
000007ef  MPU_WritePowerManagement2      
00000803  MPU_ReadPowerManagement2       
0000080f  MPU_ReadFIFOCount              
00000821  MPU_ReadFIFO                   
0000082d  MPU_WriteFIFO                  
00000841  MPU_WhoAmI                     
0000084d  UARTStdioConfig                
00000893  UARTwrite                      
000008d9  UARTgets                       
00000993  UARTgetc                       
000009b9  UARTvprintf                    
00000cb3  UARTprintf                     
00000ce9  MPU9250_calibrate              
00000f55  MPU9250_Accelerometer          
00000ff1  MPU9250_Gyroscope              
00001099  MPU9250_Temperature            
000010dd  MPU9250_Motion                 
000010fd  I2C_Init                       
00001141  I2C_WriteBytes                 
000011dd  I2C_WriteByte                  
000011ff  I2C_ReadBytes                  
000012c3  I2C_ReadByte                   
00001335  __aeabi_ldivmod                
00001553  __aeabi_ddiv                   
00001689  GPIOPadConfigSet               
000017bb  __aeabi_idiv0                  
000017bd  SysCtlClockGet                 
000018cd  main                           
000019c5  SysCtlClockSet                 
00001ab9  __aeabi_memcpy                 
00001ab9  __aeabi_memcpy4                
00001ab9  __aeabi_memcpy8                
00001ab9  memcpy                         
00001b55  __aeabi_memclr                 
00001b55  __aeabi_memclr4                
00001b55  __aeabi_memclr8                
00001b57  __aeabi_memset                 
00001b57  __aeabi_memset4                
00001b57  __aeabi_memset8                
00001b5d  memset                         
00001bcf  __aeabi_ldiv0                  
00001bd1  __TI_auto_init                 
00001c41  __aeabi_d2f                    
00001caf  __TI_decompress_lzss           
00001d17  __mpu_init                     
00001d19  Alarms_Init                    
00001d21  LED_ArmedAlarm                 
00001d5d  LED_FailedAlarm                
00001d6d  _c_int00                       
00001dc1  C$$EXIT                        
00001dc5  abort                          
00001dcd  exit                           
00001e15  GPIO_Init                      
00001e41  GPIO_on                        
00001e65  I2CMasterInitExpClk            
00001eb1  InitConsole                    
00001efd  copy_in                        
00001f49  GPIOPinConfigure               
00001f91  UARTConfigSetExpClk            
00001fd7  __aeabi_uidiv                  
00001fd7  __aeabi_uidivmod               
00002017  _system_post_cinit             
00002019  SysCtlPeripheralPresent        
00002051  SysCtlPeripheralReady          
00002089  SysCtlPeripheralEnable         
000020bd  GPIODirModeSet                 
000020e9  UARTDisable                    
00002109  __aeabi_ui2d                   
00002129  GPIOPinTypeGPIOOutput          
00002141  _args_main                     
00002159  UARTEnable                     
0000216d  _register_unlock               
00002173  _register_lock                 
0000217b  _nop                           
00002181  GPIOPinTypeGPIOInput           
00002193  GPIOPinTypeI2C                 
000021a5  GPIOPinTypeI2CSCL              
000021b7  GPIOPinTypeUART                
000021c9  __TI_decompress_none           
000021d7  ResetISR                       
000021e3  I2CMasterEnable                
000021ed  UARTCharGet                    
000021f7  UARTCharPut                    
00002201  I2CMasterBusy                  
00002209  I2CMasterSlaveAddrSet          
00002211  GPIOPinWrite                   
00002217  SysCtlDelay                    
0000221d  UARTClockSourceSet             
00002223  I2CMasterControl               
00002227  I2CMasterDataGet               
0000222b  I2CMasterDataPut               
0000222f  _system_pre_init               
00002374  __TI_Handler_Table_Base        
0000237c  __TI_CINIT_Base                
0000237c  __TI_Handler_Table_Limit       
00002384  __TI_CINIT_Limit               
20000000  __stack                        
20000200  __STACK_END                    
20000200  __STACK_TOP                    
20000200  __TI_cleanup_ptr               
20000204  __TI_dtors_ptr                 
20000208  __TI_enable_exit_profile_output
2000020c  _lock                          
20000210  _unlock                        
2000021c  main_func_sp                   
ffffffff  __TI_pprof_out_hndl            
ffffffff  __TI_prof_data_size            
ffffffff  __TI_prof_data_start           
ffffffff  __binit__                      
ffffffff  __c_args__                     
ffffffff  binit                          
UNDEFED   SHT$$INIT_ARRAY$$Base          
UNDEFED   SHT$$INIT_ARRAY$$Limit         

[203 symbols]
