******************************************************************************
                  TI ARM Linker PC v16.9.0                     
******************************************************************************
>> Linked Sun Apr 09 16:13:43 2017

OUTPUT FILE NAME:   <MPU9250.out>
ENTRY POINT SYMBOL: "_c_int00"  address: 00003cd5


MEMORY CONFIGURATION

         name            origin    length      used     unused   attr    fill
----------------------  --------  ---------  --------  --------  ----  --------
  FLASH                 00000000   00040000  0000459e  0003ba62  R  X
  SRAM                  20000000   00008000  00000824  000077dc  RW X


SEGMENT ALLOCATION MAP

run origin  load origin   length   init length attrs members
----------  ----------- ---------- ----------- ----- -------
00000000    00000000    000045a4   000045a4    r-x
  00000000    00000000    0000026c   0000026c    r-- .intvecs
  0000026c    0000026c    000040aa   000040aa    r-x .text
  00004318    00004318    00000264   00000264    r-- .const
  00004580    00004580    00000024   00000024    r-- .cinit
20000000    20000000    00000824   00000000    rw-
  20000000    20000000    00000800   00000000    rw- .stack
  20000800    20000800    00000024   00000000    rw- .data


SECTION ALLOCATION MAP

 output                                  attributes/
section   page    origin      length       input sections
--------  ----  ----------  ----------   ----------------
.intvecs   0    00000000    0000026c     
                  00000000    0000026c     tm4c123gh6pm_startup_ccs.obj (.intvecs)

.text      0    0000026c    000040aa     
                  0000026c    0000113a     rtsv7M4_T_le_v4SPD16_eabi.lib : _printfi.obj (.text)
                  000013a6    000005e0     mpu.obj (.text)
                  00001986    00000002     rtsv7M4_T_le_v4SPD16_eabi.lib : i_div0.obj (.text)
                  00001988    0000049c     uartstdio.obj (.text)
                  00001e24    00000414     mpu9250.obj (.text)
                  00002238    00000344     main.obj (.text)
                  0000257c    00000238     i2c.obj (.text)
                  000027b4    0000021e     rtsv7M4_T_le_v4SPD16_eabi.lib : ll_div_t2.obj (.text)
                  000029d2    000001f4                                   : ull_div_t2.obj (.text)
                  00002bc6    000001b6                                   : fd_add_t2.obj (.text)
                  00002d7c    00000170                                   : e_sqrt.obj (.text)
                  00002eec    00000158                                   : e_atan2f.obj (.text)
                  00003044    00000150                                   : s_atanf.obj (.text)
                  00003194    00000136                                   : fd_div_t2.obj (.text)
                  000032ca    00000132     driverlib.lib : gpio.obj (.text:GPIOPadConfigSet)
                  000033fc    00000110                   : sysctl.obj (.text:SysCtlClockGet)
                  0000350c    000000fc     rtsv7M4_T_le_v4SPD16_eabi.lib : fd_mul_t2.obj (.text)
                  00003608    000000fc                                   : s_scalbn.obj (.text)
                  00003704    000000f4     driverlib.lib : sysctl.obj (.text:SysCtlClockSet)
                  000037f8    0000009c     rtsv7M4_T_le_v4SPD16_eabi.lib : memcpy_t2.obj (.text)
                  00003894    00000086                                   : fd_cmp_t2.obj (.text:__aeabi_cdcmple)
                  0000391a    00000086                                   : fd_cmp_t2.obj (.text:__aeabi_cdrcmple)
                  000039a0    0000007a                                   : memset_t2.obj (.text)
                  00003a1a    00000002                                   : l_div0.obj (.text)
                  00003a1c    00000070                                   : autoinit.obj (.text)
                  00003a8c    0000006e                                   : fd_tos_t2.obj (.text)
                  00003afa    00000068                                   : copy_decompress_lzss.obj (.text:decompress:lzss)
                  00003b62    00000002                                   : mpu_init.obj (.text)
                  00003b64    00000064                                   : s_frexp.obj (.text)
                  00003bc8    00000060                                   : sprintf.obj (.text)
                  00003c28    00000056                                   : ltoa.obj (.text)
                  00003c7e    00000002                                   : startup.obj (.text)
                  00003c80    00000054     alarm.obj (.text)
                  00003cd4    00000054     rtsv7M4_T_le_v4SPD16_eabi.lib : boot.obj (.text)
                  00003d28    00000054                                   : exit.obj (.text)
                  00003d7c    00000050     gpio.obj (.text)
                  00003dcc    0000004c     driverlib.lib : i2c.obj (.text:I2CMasterInitExpClk)
                  00003e18    0000004c     console.obj (.text)
                  00003e64    0000004c     rtsv7M4_T_le_v4SPD16_eabi.lib : atoi.obj (.text)
                  00003eb0    0000004c                                   : cpy_tbl.obj (.text)
                  00003efc    00000048     driverlib.lib : gpio.obj (.text:GPIOPinConfigure)
                  00003f44    00000048     rtsv7M4_T_le_v4SPD16_eabi.lib : fd_toi_t2.obj (.text)
                  00003f8c    00000046     driverlib.lib : uart.obj (.text:UARTConfigSetExpClk)
                  00003fd2    00000040     rtsv7M4_T_le_v4SPD16_eabi.lib : u_divt2.obj (.text)
                  00004012    00000002     --HOLE-- [fill = 0]
                  00004014    00000038     driverlib.lib : sysctl.obj (.text:SysCtlPeripheralPresent)
                  0000404c    00000038                   : sysctl.obj (.text:SysCtlPeripheralReady)
                  00004084    00000038     rtsv7M4_T_le_v4SPD16_eabi.lib : fs_tod_t2.obj (.text)
                  000040bc    00000034     driverlib.lib : sysctl.obj (.text:SysCtlPeripheralEnable)
                  000040f0    0000002e     rtsv7M4_T_le_v4SPD16_eabi.lib : i_tofd_t2.obj (.text)
                  0000411e    0000002a     driverlib.lib : gpio.obj (.text:GPIODirModeSet)
                  00004148    00000028     rtsv7M4_T_le_v4SPD16_eabi.lib : e_sqrtf.obj (.text)
                  00004170    00000020     driverlib.lib : uart.obj (.text:UARTDisable)
                  00004190    00000020     rtsv7M4_T_le_v4SPD16_eabi.lib : u_tofd_t2.obj (.text)
                  000041b0    0000001c                                   : memccpy.obj (.text)
                  000041cc    00000018     driverlib.lib : gpio.obj (.text:GPIOPinTypeGPIOOutput)
                  000041e4    00000018     rtsv7M4_T_le_v4SPD16_eabi.lib : args_main.obj (.text)
                  000041fc    00000016                                   : strchr.obj (.text)
                  00004212    00000014     driverlib.lib : uart.obj (.text:UARTEnable)
                  00004226    00000002     --HOLE-- [fill = 0]
                  00004228    00000014     rtsv7M4_T_le_v4SPD16_eabi.lib : _lock.obj (.text)
                  0000423c    00000014                                   : s_copysign.obj (.text)
                  00004250    00000014                                   : strlen.obj (.text)
                  00004264    00000012     driverlib.lib : gpio.obj (.text:GPIOPinTypeGPIOInput)
                  00004276    00000012                   : gpio.obj (.text:GPIOPinTypeI2C)
                  00004288    00000012                   : gpio.obj (.text:GPIOPinTypeI2CSCL)
                  0000429a    00000012                   : gpio.obj (.text:GPIOPinTypeUART)
                  000042ac    0000000e     rtsv7M4_T_le_v4SPD16_eabi.lib : copy_decompress_none.obj (.text:decompress:none)
                  000042ba    0000000c     tm4c123gh6pm_startup_ccs.obj (.text)
                  000042c6    0000000a     driverlib.lib : i2c.obj (.text:I2CMasterEnable)
                  000042d0    0000000a                   : uart.obj (.text:UARTCharGet)
                  000042da    0000000a                   : uart.obj (.text:UARTCharPut)
                  000042e4    00000008                   : i2c.obj (.text:I2CMasterBusy)
                  000042ec    00000008                   : i2c.obj (.text:I2CMasterSlaveAddrSet)
                  000042f4    00000006                   : gpio.obj (.text:GPIOPinWrite)
                  000042fa    00000006                   : sysctl.obj (.text:SysCtlDelay)
                  00004300    00000006                   : uart.obj (.text:UARTClockSourceSet)
                  00004306    00000004                   : i2c.obj (.text:I2CMasterControl)
                  0000430a    00000004                   : i2c.obj (.text:I2CMasterDataGet)
                  0000430e    00000004                   : i2c.obj (.text:I2CMasterDataPut)
                  00004312    00000004     rtsv7M4_T_le_v4SPD16_eabi.lib : pre_init.obj (.text)

.const     0    00004318    00000264     
                  00004318    00000101     rtsv7M4_T_le_v4SPD16_eabi.lib : ctype.obj (.const:.string:_ctypes_)
                  00004419    00000003     --HOLE-- [fill = 0]
                  0000441c    00000090     driverlib.lib : gpio.obj (.const:g_pui32GPIOBaseAddrs)
                  000044ac    0000006c                   : sysctl.obj (.const:g_pui32Xtals)
                  00004518    00000034     rtsv7M4_T_le_v4SPD16_eabi.lib : s_atanf.obj (.const:$O1$$)
                  0000454c    00000012     uartstdio.obj (.const:.string)
                  0000455e    00000002     --HOLE-- [fill = 0]
                  00004560    0000000c     uartstdio.obj (.const:g_ui32UARTBase)
                  0000456c    0000000c     uartstdio.obj (.const:g_ui32UARTPeriph)
                  00004578    00000004     uartstdio.obj (.const)

.cinit     0    00004580    00000024     
                  00004580    00000011     (.cinit..data.load) [load image, compression = lzss]
                  00004591    00000003     --HOLE-- [fill = 0]
                  00004594    00000008     (__TI_handler_table)
                  0000459c    00000008     (__TI_cinit_table)

.init_array 
*          0    00000000    00000000     UNINITIALIZED

.stack     0    20000000    00000800     UNINITIALIZED
                  20000000    00000800     --HOLE--

.data      0    20000800    00000024     UNINITIALIZED
                  20000800    0000000c     rtsv7M4_T_le_v4SPD16_eabi.lib : exit.obj (.data:$O1$$)
                  2000080c    00000008                                   : _lock.obj (.data:$O1$$)
                  20000814    00000005     uartstdio.obj (.data)
                  20000819    00000003     --HOLE--
                  2000081c    00000004     rtsv7M4_T_le_v4SPD16_eabi.lib : errno.obj (.data)
                  20000820    00000004                                   : stkdepth_vars.obj (.data)

MODULE SUMMARY

       Module                         code    ro data   rw data
       ------                         ----    -------   -------
    .\
       mpu.obj                        1504    0         0      
       uartstdio.obj                  1180    46        5      
       mpu9250.obj                    1044    0         0      
       main.obj                       836     0         0      
       tm4c123gh6pm_startup_ccs.obj   12      620       0      
       i2c.obj                        568     0         0      
       alarm.obj                      84      0         0      
       gpio.obj                       80      0         0      
       console.obj                    76      0         0      
    +--+------------------------------+-------+---------+---------+
       Total:                         5384    666       5      
                                                               
    C:/ti/TivaWare_C_Series-2.1.3.156/driverlib/ccs/Debug/driverlib.lib
       sysctl.obj                     686     108       0      
       gpio.obj                       522     144       0      
       uart.obj                       148     0         0      
       i2c.obj                        114     0         0      
    +--+------------------------------+-------+---------+---------+
       Total:                         1470    252       0      
                                                               
    C:\ti\ccsv7\tools\compiler\ti-cgt-arm_16.9.0.LTS\lib\rtsv7M4_T_le_v4SPD16_eabi.lib
       _printfi.obj                   4410    0         0      
       ll_div_t2.obj                  542     0         0      
       ull_div_t2.obj                 500     0         0      
       fd_add_t2.obj                  438     0         0      
       s_atanf.obj                    336     52        0      
       e_sqrt.obj                     368     0         0      
       e_atan2f.obj                   344     0         0      
       fd_div_t2.obj                  310     0         0      
       fd_cmp_t2.obj                  268     0         0      
       ctype.obj                      0       257       0      
       fd_mul_t2.obj                  252     0         0      
       s_scalbn.obj                   252     0         0      
       memcpy_t2.obj                  156     0         0      
       memset_t2.obj                  122     0         0      
       autoinit.obj                   112     0         0      
       fd_tos_t2.obj                  110     0         0      
       copy_decompress_lzss.obj       104     0         0      
       s_frexp.obj                    100     0         0      
       exit.obj                       84      0         12     
       sprintf.obj                    96      0         0      
       ltoa.obj                       86      0         0      
       boot.obj                       84      0         0      
       atoi.obj                       76      0         0      
       cpy_tbl.obj                    76      0         0      
       fd_toi_t2.obj                  72      0         0      
       u_divt2.obj                    64      0         0      
       fs_tod_t2.obj                  56      0         0      
       i_tofd_t2.obj                  46      0         0      
       e_sqrtf.obj                    40      0         0      
       u_tofd_t2.obj                  32      0         0      
       _lock.obj                      20      0         8      
       memccpy.obj                    28      0         0      
       args_main.obj                  24      0         0      
       strchr.obj                     22      0         0      
       s_copysign.obj                 20      0         0      
       strlen.obj                     20      0         0      
       copy_decompress_none.obj       14      0         0      
       errno.obj                      0       0         4      
       pre_init.obj                   4       0         0      
       stkdepth_vars.obj              0       0         4      
       i_div0.obj                     2       0         0      
       l_div0.obj                     2       0         0      
       mpu_init.obj                   2       0         0      
       startup.obj                    2       0         0      
    +--+------------------------------+-------+---------+---------+
       Total:                         9696    309       28     
                                                               
       Stack:                         0       0         2048   
       Linker Generated:              0       33        0      
    +--+------------------------------+-------+---------+---------+
       Grand Total:                   16550   1260      2081   


LINKER GENERATED COPY TABLES

__TI_cinit_table @ 0000459c records: 1, size/record: 8, table size: 8
	.data: load addr=00004580, load size=00000011 bytes, run addr=20000800, run size=00000024 bytes, compression=lzss


LINKER GENERATED HANDLER TABLE

__TI_handler_table @ 00004594 records: 2, size/record: 4, table size: 8
	index: 0, handler: __TI_decompress_lzss
	index: 1, handler: __TI_decompress_none


GLOBAL SYMBOLS: SORTED ALPHABETICALLY BY Name 

address   name                           
-------   ----                           
00003c81  Alarms_Init                    
00003d29  C$$EXIT                        
0000411f  GPIODirModeSet                 
000032cb  GPIOPadConfigSet               
00003efd  GPIOPinConfigure               
00004265  GPIOPinTypeGPIOInput           
000041cd  GPIOPinTypeGPIOOutput          
00004277  GPIOPinTypeI2C                 
00004289  GPIOPinTypeI2CSCL              
0000429b  GPIOPinTypeUART                
000042f5  GPIOPinWrite                   
00003d7d  GPIO_Init                      
00003da9  GPIO_on                        
000042e5  I2CMasterBusy                  
00004307  I2CMasterControl               
0000430b  I2CMasterDataGet               
0000430f  I2CMasterDataPut               
000042c7  I2CMasterEnable                
00003dcd  I2CMasterInitExpClk            
000042ed  I2CMasterSlaveAddrSet          
0000257d  I2C_Init                       
00002743  I2C_ReadByte                   
0000267f  I2C_ReadBytes                  
0000265d  I2C_WriteByte                  
000025c1  I2C_WriteBytes                 
00003e19  InitConsole                    
00003c89  LED_ArmedAlarm                 
00003cc5  LED_FailedAlarm                
00002091  MPU9250_Accelerometer          
0000212d  MPU9250_Gyroscope              
00002219  MPU9250_Motion                 
000021d5  MPU9250_Temperature            
00001e25  MPU9250_calibrate              
000014ab  MPU_ReadAcceConfiguration      
000014cb  MPU_ReadAcceConfiguration2     
000018dd  MPU_ReadAcceIntControl         
000014eb  MPU_ReadAcceLowPowerODR        
0000183b  MPU_ReadAccelerometer          
0000146b  MPU_ReadConfiguration          
00001871  MPU_ReadExternalSensors        
0000195b  MPU_ReadFIFO                   
00001949  MPU_ReadFIFOCount              
0000152b  MPU_ReadFIFOEnable             
0000148b  MPU_ReadGyroConfiguration      
0000184d  MPU_ReadGyroscope              
0000154b  MPU_ReadI2CMasterControl       
0000189d  MPU_ReadI2CMasterDelayCtl      
000017e3  MPU_ReadI2CMasterStatus        
0000156b  MPU_ReadI2Slave0Addr           
000015ab  MPU_ReadI2Slave0Ctrl           
000015cb  MPU_ReadI2Slave0DO             
0000158b  MPU_ReadI2Slave0Reg            
000015eb  MPU_ReadI2Slave1Addr           
0000162b  MPU_ReadI2Slave1Ctrl           
0000164b  MPU_ReadI2Slave1DO             
0000160b  MPU_ReadI2Slave1Reg            
0000166b  MPU_ReadI2Slave2Addr           
000016ab  MPU_ReadI2Slave2Ctrl           
000016cb  MPU_ReadI2Slave2DO             
0000168b  MPU_ReadI2Slave2Reg            
000016eb  MPU_ReadI2Slave3Addr           
0000172b  MPU_ReadI2Slave3Ctrl           
0000174b  MPU_ReadI2Slave3DO             
0000170b  MPU_ReadI2Slave3Reg            
0000176b  MPU_ReadI2Slave4Addr           
000017ab  MPU_ReadI2Slave4Ctrl           
000017d7  MPU_ReadI2Slave4DI             
000017cb  MPU_ReadI2Slave4DO             
0000178b  MPU_ReadI2Slave4Reg            
00001823  MPU_ReadINTEnable              
00001803  MPU_ReadINTPinEnable           
0000182f  MPU_ReadINTStatus              
00001425  MPU_ReadOffsetsAcce            
00001401  MPU_ReadOffsetsGyro            
0000191d  MPU_ReadPowerManagement1       
0000193d  MPU_ReadPowerManagement2       
0000144b  MPU_ReadSampleRateDivider      
000013dd  MPU_ReadSelfTestAcce           
000013b9  MPU_ReadSelfTestGyro           
000018bd  MPU_ReadSignalPathReset        
0000185f  MPU_ReadTemperature            
000018fd  MPU_ReadUserControl            
0000150b  MPU_ReadWakeOnMotion           
0000197b  MPU_WhoAmI                     
00001497  MPU_WriteAcceConfiguration     
000014b7  MPU_WriteAcceConfiguration2    
000018c9  MPU_WriteAcceIntControl        
000014d7  MPU_WriteAcceLowPowerODR       
00001457  MPU_WriteConfiguration         
00001967  MPU_WriteFIFO                  
00001517  MPU_WriteFIFOEnable            
00001477  MPU_WriteGyroConfiguration     
00001537  MPU_WriteI2CMasterControl      
00001889  MPU_WriteI2CMasterDelayCtl     
00001557  MPU_WriteI2CSlave0Addr         
00001597  MPU_WriteI2CSlave0Ctrl         
000015b7  MPU_WriteI2CSlave0DO           
00001577  MPU_WriteI2CSlave0Reg          
000015d7  MPU_WriteI2CSlave1Addr         
00001617  MPU_WriteI2CSlave1Ctrl         
00001637  MPU_WriteI2CSlave1DO           
000015f7  MPU_WriteI2CSlave1Reg          
00001657  MPU_WriteI2CSlave2Addr         
00001697  MPU_WriteI2CSlave2Ctrl         
000016b7  MPU_WriteI2CSlave2DO           
00001677  MPU_WriteI2CSlave2Reg          
000016d7  MPU_WriteI2CSlave3Addr         
00001717  MPU_WriteI2CSlave3Ctrl         
00001737  MPU_WriteI2CSlave3DO           
000016f7  MPU_WriteI2CSlave3Reg          
00001757  MPU_WriteI2CSlave4Addr         
00001797  MPU_WriteI2CSlave4Ctrl         
000017b7  MPU_WriteI2CSlave4DO           
00001777  MPU_WriteI2CSlave4Reg          
0000180f  MPU_WriteINTEnable             
000017ef  MPU_WriteINTPinEnable          
00001413  MPU_WriteOffsetsAcce           
000013ef  MPU_WriteOffsetsGyro           
00001909  MPU_WritePowerManagement1      
00001929  MPU_WritePowerManagement2      
00001437  MPU_WriteSampleRateDivider     
000013cb  MPU_WriteSelfTestAcce          
000013a7  MPU_WriteSelfTestGyro          
000018a9  MPU_WriteSignalPathReset       
000018e9  MPU_WriteUserControl           
000014f7  MPU_WriteWakeOnMotion          
000042bb  ResetISR                       
UNDEFED   SHT$$INIT_ARRAY$$Base          
UNDEFED   SHT$$INIT_ARRAY$$Limit         
000033fd  SysCtlClockGet                 
00003705  SysCtlClockSet                 
000042fb  SysCtlDelay                    
000040bd  SysCtlPeripheralEnable         
00004015  SysCtlPeripheralPresent        
0000404d  SysCtlPeripheralReady          
000042d1  UARTCharGet                    
000042db  UARTCharPut                    
00004301  UARTClockSourceSet             
00003f8d  UARTConfigSetExpClk            
00004171  UARTDisable                    
00004213  UARTEnable                     
00001989  UARTStdioConfig                
00001acf  UARTgetc                       
00001a15  UARTgets                       
00001def  UARTprintf                     
00001af5  UARTvprintf                    
000019cf  UARTwrite                      
20000800  __STACK_END                    
00000800  __STACK_SIZE                   
20000200  __STACK_TOP                    
0000459c  __TI_CINIT_Base                
000045a4  __TI_CINIT_Limit               
00004594  __TI_Handler_Table_Base        
0000459c  __TI_Handler_Table_Limit       
00003a1d  __TI_auto_init                 
20000800  __TI_cleanup_ptr               
00003afb  __TI_decompress_lzss           
000042ad  __TI_decompress_none           
20000804  __TI_dtors_ptr                 
20000808  __TI_enable_exit_profile_output
ffffffff  __TI_pprof_out_hndl            
00000aad  __TI_printfi                   
ffffffff  __TI_prof_data_size            
ffffffff  __TI_prof_data_start           
00000000  __TI_static_base__             
00003895  __aeabi_cdcmpeq                
00003895  __aeabi_cdcmple                
0000391b  __aeabi_cdrcmple               
00003a8d  __aeabi_d2f                    
00003f45  __aeabi_d2iz                   
00002bd1  __aeabi_dadd                   
00003195  __aeabi_ddiv                   
0000350d  __aeabi_dmul                   
00002bc7  __aeabi_dsub                   
00004085  __aeabi_f2d                    
000040f1  __aeabi_i2d                    
00001987  __aeabi_idiv0                  
00003a1b  __aeabi_ldiv0                  
000027b5  __aeabi_ldivmod                
000039a1  __aeabi_memclr                 
000039a1  __aeabi_memclr4                
000039a1  __aeabi_memclr8                
000037f9  __aeabi_memcpy                 
000037f9  __aeabi_memcpy4                
000037f9  __aeabi_memcpy8                
000039a3  __aeabi_memset                 
000039a3  __aeabi_memset4                
000039a3  __aeabi_memset8                
00004191  __aeabi_ui2d                   
00003fd3  __aeabi_uidiv                  
00003fd3  __aeabi_uidivmod               
000029d3  __aeabi_uldivmod               
ffffffff  __binit__                      
ffffffff  __c_args__                     
00003b63  __mpu_init                     
20000000  __stack                        
000041e5  _args_main                     
00003cd5  _c_int00                       
00004318  _ctypes_                       
2000080c  _lock                          
00004237  _nop                           
0000422f  _register_lock                 
00004229  _register_unlock               
00003c7f  _system_post_cinit             
00004313  _system_pre_init               
20000810  _unlock                        
00003d2d  abort                          
00002eed  atan2f                         
00003045  atanf                          
00003e65  atoi                           
ffffffff  binit                          
00003eb1  copy_in                        
0000423d  copysign                       
0000423d  copysignl                      
2000081c  errno                          
00003d35  exit                           
00003b65  frexp                          
00003b65  frexpl                         
00000000  g_pfnVectors                   
00003609  ldexp                          
00003609  ldexpl                         
00003c29  ltoa                           
00002239  main                           
20000820  main_func_sp                   
000041b1  memccpy                        
000037f9  memcpy                         
000039a9  memset                         
00003609  scalbn                         
00003609  scalbnl                        
00003bc9  sprintf                        
00002d7d  sqrt                           
00004149  sqrtf                          
00002d7d  sqrtl                          
000041fd  strchr                         
00004251  strlen                         


GLOBAL SYMBOLS: SORTED BY Symbol Address 

address   name                           
-------   ----                           
00000000  __TI_static_base__             
00000000  g_pfnVectors                   
00000800  __STACK_SIZE                   
00000aad  __TI_printfi                   
000013a7  MPU_WriteSelfTestGyro          
000013b9  MPU_ReadSelfTestGyro           
000013cb  MPU_WriteSelfTestAcce          
000013dd  MPU_ReadSelfTestAcce           
000013ef  MPU_WriteOffsetsGyro           
00001401  MPU_ReadOffsetsGyro            
00001413  MPU_WriteOffsetsAcce           
00001425  MPU_ReadOffsetsAcce            
00001437  MPU_WriteSampleRateDivider     
0000144b  MPU_ReadSampleRateDivider      
00001457  MPU_WriteConfiguration         
0000146b  MPU_ReadConfiguration          
00001477  MPU_WriteGyroConfiguration     
0000148b  MPU_ReadGyroConfiguration      
00001497  MPU_WriteAcceConfiguration     
000014ab  MPU_ReadAcceConfiguration      
000014b7  MPU_WriteAcceConfiguration2    
000014cb  MPU_ReadAcceConfiguration2     
000014d7  MPU_WriteAcceLowPowerODR       
000014eb  MPU_ReadAcceLowPowerODR        
000014f7  MPU_WriteWakeOnMotion          
0000150b  MPU_ReadWakeOnMotion           
00001517  MPU_WriteFIFOEnable            
0000152b  MPU_ReadFIFOEnable             
00001537  MPU_WriteI2CMasterControl      
0000154b  MPU_ReadI2CMasterControl       
00001557  MPU_WriteI2CSlave0Addr         
0000156b  MPU_ReadI2Slave0Addr           
00001577  MPU_WriteI2CSlave0Reg          
0000158b  MPU_ReadI2Slave0Reg            
00001597  MPU_WriteI2CSlave0Ctrl         
000015ab  MPU_ReadI2Slave0Ctrl           
000015b7  MPU_WriteI2CSlave0DO           
000015cb  MPU_ReadI2Slave0DO             
000015d7  MPU_WriteI2CSlave1Addr         
000015eb  MPU_ReadI2Slave1Addr           
000015f7  MPU_WriteI2CSlave1Reg          
0000160b  MPU_ReadI2Slave1Reg            
00001617  MPU_WriteI2CSlave1Ctrl         
0000162b  MPU_ReadI2Slave1Ctrl           
00001637  MPU_WriteI2CSlave1DO           
0000164b  MPU_ReadI2Slave1DO             
00001657  MPU_WriteI2CSlave2Addr         
0000166b  MPU_ReadI2Slave2Addr           
00001677  MPU_WriteI2CSlave2Reg          
0000168b  MPU_ReadI2Slave2Reg            
00001697  MPU_WriteI2CSlave2Ctrl         
000016ab  MPU_ReadI2Slave2Ctrl           
000016b7  MPU_WriteI2CSlave2DO           
000016cb  MPU_ReadI2Slave2DO             
000016d7  MPU_WriteI2CSlave3Addr         
000016eb  MPU_ReadI2Slave3Addr           
000016f7  MPU_WriteI2CSlave3Reg          
0000170b  MPU_ReadI2Slave3Reg            
00001717  MPU_WriteI2CSlave3Ctrl         
0000172b  MPU_ReadI2Slave3Ctrl           
00001737  MPU_WriteI2CSlave3DO           
0000174b  MPU_ReadI2Slave3DO             
00001757  MPU_WriteI2CSlave4Addr         
0000176b  MPU_ReadI2Slave4Addr           
00001777  MPU_WriteI2CSlave4Reg          
0000178b  MPU_ReadI2Slave4Reg            
00001797  MPU_WriteI2CSlave4Ctrl         
000017ab  MPU_ReadI2Slave4Ctrl           
000017b7  MPU_WriteI2CSlave4DO           
000017cb  MPU_ReadI2Slave4DO             
000017d7  MPU_ReadI2Slave4DI             
000017e3  MPU_ReadI2CMasterStatus        
000017ef  MPU_WriteINTPinEnable          
00001803  MPU_ReadINTPinEnable           
0000180f  MPU_WriteINTEnable             
00001823  MPU_ReadINTEnable              
0000182f  MPU_ReadINTStatus              
0000183b  MPU_ReadAccelerometer          
0000184d  MPU_ReadGyroscope              
0000185f  MPU_ReadTemperature            
00001871  MPU_ReadExternalSensors        
00001889  MPU_WriteI2CMasterDelayCtl     
0000189d  MPU_ReadI2CMasterDelayCtl      
000018a9  MPU_WriteSignalPathReset       
000018bd  MPU_ReadSignalPathReset        
000018c9  MPU_WriteAcceIntControl        
000018dd  MPU_ReadAcceIntControl         
000018e9  MPU_WriteUserControl           
000018fd  MPU_ReadUserControl            
00001909  MPU_WritePowerManagement1      
0000191d  MPU_ReadPowerManagement1       
00001929  MPU_WritePowerManagement2      
0000193d  MPU_ReadPowerManagement2       
00001949  MPU_ReadFIFOCount              
0000195b  MPU_ReadFIFO                   
00001967  MPU_WriteFIFO                  
0000197b  MPU_WhoAmI                     
00001987  __aeabi_idiv0                  
00001989  UARTStdioConfig                
000019cf  UARTwrite                      
00001a15  UARTgets                       
00001acf  UARTgetc                       
00001af5  UARTvprintf                    
00001def  UARTprintf                     
00001e25  MPU9250_calibrate              
00002091  MPU9250_Accelerometer          
0000212d  MPU9250_Gyroscope              
000021d5  MPU9250_Temperature            
00002219  MPU9250_Motion                 
00002239  main                           
0000257d  I2C_Init                       
000025c1  I2C_WriteBytes                 
0000265d  I2C_WriteByte                  
0000267f  I2C_ReadBytes                  
00002743  I2C_ReadByte                   
000027b5  __aeabi_ldivmod                
000029d3  __aeabi_uldivmod               
00002bc7  __aeabi_dsub                   
00002bd1  __aeabi_dadd                   
00002d7d  sqrt                           
00002d7d  sqrtl                          
00002eed  atan2f                         
00003045  atanf                          
00003195  __aeabi_ddiv                   
000032cb  GPIOPadConfigSet               
000033fd  SysCtlClockGet                 
0000350d  __aeabi_dmul                   
00003609  ldexp                          
00003609  ldexpl                         
00003609  scalbn                         
00003609  scalbnl                        
00003705  SysCtlClockSet                 
000037f9  __aeabi_memcpy                 
000037f9  __aeabi_memcpy4                
000037f9  __aeabi_memcpy8                
000037f9  memcpy                         
00003895  __aeabi_cdcmpeq                
00003895  __aeabi_cdcmple                
0000391b  __aeabi_cdrcmple               
000039a1  __aeabi_memclr                 
000039a1  __aeabi_memclr4                
000039a1  __aeabi_memclr8                
000039a3  __aeabi_memset                 
000039a3  __aeabi_memset4                
000039a3  __aeabi_memset8                
000039a9  memset                         
00003a1b  __aeabi_ldiv0                  
00003a1d  __TI_auto_init                 
00003a8d  __aeabi_d2f                    
00003afb  __TI_decompress_lzss           
00003b63  __mpu_init                     
00003b65  frexp                          
00003b65  frexpl                         
00003bc9  sprintf                        
00003c29  ltoa                           
00003c7f  _system_post_cinit             
00003c81  Alarms_Init                    
00003c89  LED_ArmedAlarm                 
00003cc5  LED_FailedAlarm                
00003cd5  _c_int00                       
00003d29  C$$EXIT                        
00003d2d  abort                          
00003d35  exit                           
00003d7d  GPIO_Init                      
00003da9  GPIO_on                        
00003dcd  I2CMasterInitExpClk            
00003e19  InitConsole                    
00003e65  atoi                           
00003eb1  copy_in                        
00003efd  GPIOPinConfigure               
00003f45  __aeabi_d2iz                   
00003f8d  UARTConfigSetExpClk            
00003fd3  __aeabi_uidiv                  
00003fd3  __aeabi_uidivmod               
00004015  SysCtlPeripheralPresent        
0000404d  SysCtlPeripheralReady          
00004085  __aeabi_f2d                    
000040bd  SysCtlPeripheralEnable         
000040f1  __aeabi_i2d                    
0000411f  GPIODirModeSet                 
00004149  sqrtf                          
00004171  UARTDisable                    
00004191  __aeabi_ui2d                   
000041b1  memccpy                        
000041cd  GPIOPinTypeGPIOOutput          
000041e5  _args_main                     
000041fd  strchr                         
00004213  UARTEnable                     
00004229  _register_unlock               
0000422f  _register_lock                 
00004237  _nop                           
0000423d  copysign                       
0000423d  copysignl                      
00004251  strlen                         
00004265  GPIOPinTypeGPIOInput           
00004277  GPIOPinTypeI2C                 
00004289  GPIOPinTypeI2CSCL              
0000429b  GPIOPinTypeUART                
000042ad  __TI_decompress_none           
000042bb  ResetISR                       
000042c7  I2CMasterEnable                
000042d1  UARTCharGet                    
000042db  UARTCharPut                    
000042e5  I2CMasterBusy                  
000042ed  I2CMasterSlaveAddrSet          
000042f5  GPIOPinWrite                   
000042fb  SysCtlDelay                    
00004301  UARTClockSourceSet             
00004307  I2CMasterControl               
0000430b  I2CMasterDataGet               
0000430f  I2CMasterDataPut               
00004313  _system_pre_init               
00004318  _ctypes_                       
00004594  __TI_Handler_Table_Base        
0000459c  __TI_CINIT_Base                
0000459c  __TI_Handler_Table_Limit       
000045a4  __TI_CINIT_Limit               
20000000  __stack                        
20000200  __STACK_TOP                    
20000800  __STACK_END                    
20000800  __TI_cleanup_ptr               
20000804  __TI_dtors_ptr                 
20000808  __TI_enable_exit_profile_output
2000080c  _lock                          
20000810  _unlock                        
2000081c  errno                          
20000820  main_func_sp                   
ffffffff  __TI_pprof_out_hndl            
ffffffff  __TI_prof_data_size            
ffffffff  __TI_prof_data_start           
ffffffff  __binit__                      
ffffffff  __c_args__                     
ffffffff  binit                          
UNDEFED   SHT$$INIT_ARRAY$$Base          
UNDEFED   SHT$$INIT_ARRAY$$Limit         

[235 symbols]
