<?xml version="1.0"?>
<link_info>
   <banner>TI ARM Linker PC v16.9.0.LTS</banner>
   <copyright>Copyright (c) 1996-2015 Texas Instruments Incorporated</copyright>
   <link_time>0x58e1bc22</link_time>
   <link_errors>0x0</link_errors>
   <output_file>MPU9250.out</output_file>
   <entry_point>
      <name>_c_int00</name>
      <address>0x1d6d</address>
   </entry_point>
   <input_file_list>
      <input_file id="fl-2">
         <path>.\</path>
         <kind>object</kind>
         <file>alarm.obj</file>
         <name>alarm.obj</name>
      </input_file>
      <input_file id="fl-3">
         <path>.\</path>
         <kind>object</kind>
         <file>console.obj</file>
         <name>console.obj</name>
      </input_file>
      <input_file id="fl-4">
         <path>.\</path>
         <kind>object</kind>
         <file>gpio.obj</file>
         <name>gpio.obj</name>
      </input_file>
      <input_file id="fl-5">
         <path>.\</path>
         <kind>object</kind>
         <file>i2c.obj</file>
         <name>i2c.obj</name>
      </input_file>
      <input_file id="fl-6">
         <path>.\</path>
         <kind>object</kind>
         <file>main.obj</file>
         <name>main.obj</name>
      </input_file>
      <input_file id="fl-7">
         <path>.\</path>
         <kind>object</kind>
         <file>mpu.obj</file>
         <name>mpu.obj</name>
      </input_file>
      <input_file id="fl-8">
         <path>.\</path>
         <kind>object</kind>
         <file>mpu9250.obj</file>
         <name>mpu9250.obj</name>
      </input_file>
      <input_file id="fl-9">
         <path>.\</path>
         <kind>object</kind>
         <file>tm4c123gh6pm_startup_ccs.obj</file>
         <name>tm4c123gh6pm_startup_ccs.obj</name>
      </input_file>
      <input_file id="fl-a">
         <path>.\</path>
         <kind>object</kind>
         <file>uartstdio.obj</file>
         <name>uartstdio.obj</name>
      </input_file>
      <input_file id="fl-c5">
         <path>C:\ti\ccsv7\tools\compiler\ti-cgt-arm_16.9.0.LTS\lib\</path>
         <kind>archive</kind>
         <file>rtsv7M4_T_le_v4SPD16_eabi.lib</file>
         <name>boot.obj</name>
      </input_file>
      <input_file id="fl-c6">
         <path>C:\ti\ccsv7\tools\compiler\ti-cgt-arm_16.9.0.LTS\lib\</path>
         <kind>archive</kind>
         <file>rtsv7M4_T_le_v4SPD16_eabi.lib</file>
         <name>copy_decompress_lzss.obj</name>
      </input_file>
      <input_file id="fl-c7">
         <path>C:\ti\ccsv7\tools\compiler\ti-cgt-arm_16.9.0.LTS\lib\</path>
         <kind>archive</kind>
         <file>rtsv7M4_T_le_v4SPD16_eabi.lib</file>
         <name>copy_decompress_none.obj</name>
      </input_file>
      <input_file id="fl-c8">
         <path>C:\ti\ccsv7\tools\compiler\ti-cgt-arm_16.9.0.LTS\lib\</path>
         <kind>archive</kind>
         <file>rtsv7M4_T_le_v4SPD16_eabi.lib</file>
         <name>copy_zero_init.obj</name>
      </input_file>
      <input_file id="fl-c9">
         <path>C:\ti\ccsv7\tools\compiler\ti-cgt-arm_16.9.0.LTS\lib\</path>
         <kind>archive</kind>
         <file>rtsv7M4_T_le_v4SPD16_eabi.lib</file>
         <name>exit.obj</name>
      </input_file>
      <input_file id="fl-ca">
         <path>C:\ti\ccsv7\tools\compiler\ti-cgt-arm_16.9.0.LTS\lib\</path>
         <kind>archive</kind>
         <file>rtsv7M4_T_le_v4SPD16_eabi.lib</file>
         <name>fd_div_t2.obj</name>
      </input_file>
      <input_file id="fl-cb">
         <path>C:\ti\ccsv7\tools\compiler\ti-cgt-arm_16.9.0.LTS\lib\</path>
         <kind>archive</kind>
         <file>rtsv7M4_T_le_v4SPD16_eabi.lib</file>
         <name>fd_tos_t2.obj</name>
      </input_file>
      <input_file id="fl-cc">
         <path>C:\ti\ccsv7\tools\compiler\ti-cgt-arm_16.9.0.LTS\lib\</path>
         <kind>archive</kind>
         <file>rtsv7M4_T_le_v4SPD16_eabi.lib</file>
         <name>ll_div_t2.obj</name>
      </input_file>
      <input_file id="fl-cd">
         <path>C:\ti\ccsv7\tools\compiler\ti-cgt-arm_16.9.0.LTS\lib\</path>
         <kind>archive</kind>
         <file>rtsv7M4_T_le_v4SPD16_eabi.lib</file>
         <name>memcpy_t2.obj</name>
      </input_file>
      <input_file id="fl-ce">
         <path>C:\ti\ccsv7\tools\compiler\ti-cgt-arm_16.9.0.LTS\lib\</path>
         <kind>archive</kind>
         <file>rtsv7M4_T_le_v4SPD16_eabi.lib</file>
         <name>memset_t2.obj</name>
      </input_file>
      <input_file id="fl-cf">
         <path>C:\ti\ccsv7\tools\compiler\ti-cgt-arm_16.9.0.LTS\lib\</path>
         <kind>archive</kind>
         <file>rtsv7M4_T_le_v4SPD16_eabi.lib</file>
         <name>mpu_init.obj</name>
      </input_file>
      <input_file id="fl-d0">
         <path>C:\ti\ccsv7\tools\compiler\ti-cgt-arm_16.9.0.LTS\lib\</path>
         <kind>archive</kind>
         <file>rtsv7M4_T_le_v4SPD16_eabi.lib</file>
         <name>pre_init.obj</name>
      </input_file>
      <input_file id="fl-d1">
         <path>C:\ti\ccsv7\tools\compiler\ti-cgt-arm_16.9.0.LTS\lib\</path>
         <kind>archive</kind>
         <file>rtsv7M4_T_le_v4SPD16_eabi.lib</file>
         <name>stkdepth_vars.obj</name>
      </input_file>
      <input_file id="fl-d2">
         <path>C:\ti\ccsv7\tools\compiler\ti-cgt-arm_16.9.0.LTS\lib\</path>
         <kind>archive</kind>
         <file>rtsv7M4_T_le_v4SPD16_eabi.lib</file>
         <name>u_divt2.obj</name>
      </input_file>
      <input_file id="fl-d3">
         <path>C:\ti\ccsv7\tools\compiler\ti-cgt-arm_16.9.0.LTS\lib\</path>
         <kind>archive</kind>
         <file>rtsv7M4_T_le_v4SPD16_eabi.lib</file>
         <name>u_tofd_t2.obj</name>
      </input_file>
      <input_file id="fl-d4">
         <path>C:\ti\ccsv7\tools\compiler\ti-cgt-arm_16.9.0.LTS\lib\</path>
         <kind>archive</kind>
         <file>rtsv7M4_T_le_v4SPD16_eabi.lib</file>
         <name>_lock.obj</name>
      </input_file>
      <input_file id="fl-d5">
         <path>C:\ti\ccsv7\tools\compiler\ti-cgt-arm_16.9.0.LTS\lib\</path>
         <kind>archive</kind>
         <file>rtsv7M4_T_le_v4SPD16_eabi.lib</file>
         <name>args_main.obj</name>
      </input_file>
      <input_file id="fl-d6">
         <path>C:\ti\ccsv7\tools\compiler\ti-cgt-arm_16.9.0.LTS\lib\</path>
         <kind>archive</kind>
         <file>rtsv7M4_T_le_v4SPD16_eabi.lib</file>
         <name>autoinit.obj</name>
      </input_file>
      <input_file id="fl-d7">
         <path>C:\ti\ccsv7\tools\compiler\ti-cgt-arm_16.9.0.LTS\lib\</path>
         <kind>archive</kind>
         <file>rtsv7M4_T_le_v4SPD16_eabi.lib</file>
         <name>cpy_tbl.obj</name>
      </input_file>
      <input_file id="fl-d8">
         <path>C:\ti\ccsv7\tools\compiler\ti-cgt-arm_16.9.0.LTS\lib\</path>
         <kind>archive</kind>
         <file>rtsv7M4_T_le_v4SPD16_eabi.lib</file>
         <name>i_div0.obj</name>
      </input_file>
      <input_file id="fl-d9">
         <path>C:\ti\ccsv7\tools\compiler\ti-cgt-arm_16.9.0.LTS\lib\</path>
         <kind>archive</kind>
         <file>rtsv7M4_T_le_v4SPD16_eabi.lib</file>
         <name>l_div0.obj</name>
      </input_file>
      <input_file id="fl-da">
         <path>C:\ti\ccsv7\tools\compiler\ti-cgt-arm_16.9.0.LTS\lib\</path>
         <kind>archive</kind>
         <file>rtsv7M4_T_le_v4SPD16_eabi.lib</file>
         <name>startup.obj</name>
      </input_file>
      <input_file id="fl-db">
         <path>C:\ti\TivaWare_C_Series-2.1.3.156\driverlib\ccs\Debug\</path>
         <kind>archive</kind>
         <file>driverlib.lib</file>
         <name>gpio.obj</name>
      </input_file>
      <input_file id="fl-dc">
         <path>C:\ti\TivaWare_C_Series-2.1.3.156\driverlib\ccs\Debug\</path>
         <kind>archive</kind>
         <file>driverlib.lib</file>
         <name>i2c.obj</name>
      </input_file>
      <input_file id="fl-dd">
         <path>C:\ti\TivaWare_C_Series-2.1.3.156\driverlib\ccs\Debug\</path>
         <kind>archive</kind>
         <file>driverlib.lib</file>
         <name>interrupt.obj</name>
      </input_file>
      <input_file id="fl-de">
         <path>C:\ti\TivaWare_C_Series-2.1.3.156\driverlib\ccs\Debug\</path>
         <kind>archive</kind>
         <file>driverlib.lib</file>
         <name>sysctl.obj</name>
      </input_file>
      <input_file id="fl-df">
         <path>C:\ti\TivaWare_C_Series-2.1.3.156\driverlib\ccs\Debug\</path>
         <kind>archive</kind>
         <file>driverlib.lib</file>
         <name>uart.obj</name>
      </input_file>
      <input_file id="fl-e0">
         <path>C:\ti\TivaWare_C_Series-2.1.3.156\driverlib\ccs\Debug\</path>
         <kind>archive</kind>
         <file>driverlib.lib</file>
         <name>cpu.obj</name>
      </input_file>
   </input_file_list>
   <object_component_list>
      <object_component id="oc-f">
         <name>.intvecs</name>
         <load_address>0x0</load_address>
         <run_address>0x0</run_address>
         <size>0x26c</size>
         <input_file_ref idref="fl-9"/>
      </object_component>
      <object_component id="oc-e3">
         <name>.text</name>
         <load_address>0x26c</load_address>
         <run_address>0x26c</run_address>
         <size>0x5e0</size>
         <input_file_ref idref="fl-7"/>
      </object_component>
      <object_component id="oc-e9">
         <name>.text</name>
         <load_address>0x84c</load_address>
         <run_address>0x84c</run_address>
         <size>0x49c</size>
         <input_file_ref idref="fl-a"/>
      </object_component>
      <object_component id="oc-ef">
         <name>.text</name>
         <load_address>0xce8</load_address>
         <run_address>0xce8</run_address>
         <size>0x414</size>
         <input_file_ref idref="fl-8"/>
      </object_component>
      <object_component id="oc-dd">
         <name>.text</name>
         <load_address>0x10fc</load_address>
         <run_address>0x10fc</run_address>
         <size>0x238</size>
         <input_file_ref idref="fl-5"/>
      </object_component>
      <object_component id="oc-1b6">
         <name>.text</name>
         <load_address>0x1334</load_address>
         <run_address>0x1334</run_address>
         <size>0x21e</size>
         <input_file_ref idref="fl-cc"/>
      </object_component>
      <object_component id="oc-1c0">
         <name>.text</name>
         <load_address>0x1552</load_address>
         <run_address>0x1552</run_address>
         <size>0x136</size>
         <input_file_ref idref="fl-ca"/>
      </object_component>
      <object_component id="oc-1e6">
         <name>.text:GPIOPadConfigSet</name>
         <load_address>0x1688</load_address>
         <run_address>0x1688</run_address>
         <size>0x132</size>
         <input_file_ref idref="fl-db"/>
      </object_component>
      <object_component id="oc-229">
         <name>.text</name>
         <load_address>0x17ba</load_address>
         <run_address>0x17ba</run_address>
         <size>0x2</size>
         <input_file_ref idref="fl-d8"/>
      </object_component>
      <object_component id="oc-14d">
         <name>.text:SysCtlClockGet</name>
         <load_address>0x17bc</load_address>
         <run_address>0x17bc</run_address>
         <size>0x110</size>
         <input_file_ref idref="fl-de"/>
      </object_component>
      <object_component id="oc-a7">
         <name>.text</name>
         <load_address>0x18cc</load_address>
         <run_address>0x18cc</run_address>
         <size>0xf8</size>
         <input_file_ref idref="fl-6"/>
      </object_component>
      <object_component id="oc-cb">
         <name>.text:SysCtlClockSet</name>
         <load_address>0x19c4</load_address>
         <run_address>0x19c4</run_address>
         <size>0xf4</size>
         <input_file_ref idref="fl-de"/>
      </object_component>
      <object_component id="oc-3f">
         <name>.text</name>
         <load_address>0x1ab8</load_address>
         <run_address>0x1ab8</run_address>
         <size>0x9c</size>
         <input_file_ref idref="fl-cd"/>
      </object_component>
      <object_component id="oc-4b">
         <name>.text</name>
         <load_address>0x1b54</load_address>
         <run_address>0x1b54</run_address>
         <size>0x7a</size>
         <input_file_ref idref="fl-ce"/>
      </object_component>
      <object_component id="oc-236">
         <name>.text</name>
         <load_address>0x1bce</load_address>
         <run_address>0x1bce</run_address>
         <size>0x2</size>
         <input_file_ref idref="fl-d9"/>
      </object_component>
      <object_component id="oc-63">
         <name>.text</name>
         <load_address>0x1bd0</load_address>
         <run_address>0x1bd0</run_address>
         <size>0x70</size>
         <input_file_ref idref="fl-d6"/>
      </object_component>
      <object_component id="oc-1c5">
         <name>.text</name>
         <load_address>0x1c40</load_address>
         <run_address>0x1c40</run_address>
         <size>0x6e</size>
         <input_file_ref idref="fl-cb"/>
      </object_component>
      <object_component id="oc-12">
         <name>.text:decompress:lzss</name>
         <load_address>0x1cae</load_address>
         <run_address>0x1cae</run_address>
         <size>0x68</size>
         <input_file_ref idref="fl-c6"/>
      </object_component>
      <object_component id="oc-57">
         <name>.text</name>
         <load_address>0x1d16</load_address>
         <run_address>0x1d16</run_address>
         <size>0x2</size>
         <input_file_ref idref="fl-cf"/>
      </object_component>
      <object_component id="oc-d7">
         <name>.text</name>
         <load_address>0x1d18</load_address>
         <run_address>0x1d18</run_address>
         <size>0x54</size>
         <input_file_ref idref="fl-2"/>
      </object_component>
      <object_component id="oc-24">
         <name>.text</name>
         <load_address>0x1d6c</load_address>
         <run_address>0x1d6c</run_address>
         <size>0x54</size>
         <input_file_ref idref="fl-c5"/>
      </object_component>
      <object_component id="oc-6f">
         <name>.text</name>
         <load_address>0x1dc0</load_address>
         <run_address>0x1dc0</run_address>
         <size>0x54</size>
         <input_file_ref idref="fl-c9"/>
      </object_component>
      <object_component id="oc-134">
         <name>.text</name>
         <load_address>0x1e14</load_address>
         <run_address>0x1e14</run_address>
         <size>0x50</size>
         <input_file_ref idref="fl-4"/>
      </object_component>
      <object_component id="oc-153">
         <name>.text:I2CMasterInitExpClk</name>
         <load_address>0x1e64</load_address>
         <run_address>0x1e64</run_address>
         <size>0x4c</size>
         <input_file_ref idref="fl-dc"/>
      </object_component>
      <object_component id="oc-d1">
         <name>.text</name>
         <load_address>0x1eb0</load_address>
         <run_address>0x1eb0</run_address>
         <size>0x4c</size>
         <input_file_ref idref="fl-3"/>
      </object_component>
      <object_component id="oc-99">
         <name>.text</name>
         <load_address>0x1efc</load_address>
         <run_address>0x1efc</run_address>
         <size>0x4c</size>
         <input_file_ref idref="fl-d7"/>
      </object_component>
      <object_component id="oc-121">
         <name>.text:GPIOPinConfigure</name>
         <load_address>0x1f48</load_address>
         <run_address>0x1f48</run_address>
         <size>0x48</size>
         <input_file_ref idref="fl-db"/>
      </object_component>
      <object_component id="oc-181">
         <name>.text:UARTConfigSetExpClk</name>
         <load_address>0x1f90</load_address>
         <run_address>0x1f90</run_address>
         <size>0x46</size>
         <input_file_ref idref="fl-df"/>
      </object_component>
      <object_component id="oc-1a2">
         <name>.text</name>
         <load_address>0x1fd6</load_address>
         <run_address>0x1fd6</run_address>
         <size>0x40</size>
         <input_file_ref idref="fl-d2"/>
      </object_component>
      <object_component id="oc-9f">
         <name>.text</name>
         <load_address>0x2016</load_address>
         <run_address>0x2016</run_address>
         <size>0x2</size>
         <input_file_ref idref="fl-da"/>
      </object_component>
      <object_component id="oc-17b">
         <name>.text:SysCtlPeripheralPresent</name>
         <load_address>0x2018</load_address>
         <run_address>0x2018</run_address>
         <size>0x38</size>
         <input_file_ref idref="fl-de"/>
      </object_component>
      <object_component id="oc-13b">
         <name>.text:SysCtlPeripheralReady</name>
         <load_address>0x2050</load_address>
         <run_address>0x2050</run_address>
         <size>0x38</size>
         <input_file_ref idref="fl-de"/>
      </object_component>
      <object_component id="oc-11b">
         <name>.text:SysCtlPeripheralEnable</name>
         <load_address>0x2088</load_address>
         <run_address>0x2088</run_address>
         <size>0x34</size>
         <input_file_ref idref="fl-de"/>
      </object_component>
      <object_component id="oc-1e0">
         <name>.text:GPIODirModeSet</name>
         <load_address>0x20bc</load_address>
         <run_address>0x20bc</run_address>
         <size>0x2a</size>
         <input_file_ref idref="fl-db"/>
      </object_component>
      <object_component id="oc-219">
         <name>.text:UARTDisable</name>
         <load_address>0x20e8</load_address>
         <run_address>0x20e8</run_address>
         <size>0x20</size>
         <input_file_ref idref="fl-df"/>
      </object_component>
      <object_component id="oc-1bb">
         <name>.text</name>
         <load_address>0x2108</load_address>
         <run_address>0x2108</run_address>
         <size>0x20</size>
         <input_file_ref idref="fl-d3"/>
      </object_component>
      <object_component id="oc-1ed">
         <name>.text:GPIOPinTypeGPIOOutput</name>
         <load_address>0x2128</load_address>
         <run_address>0x2128</run_address>
         <size>0x18</size>
         <input_file_ref idref="fl-db"/>
      </object_component>
      <object_component id="oc-69">
         <name>.text</name>
         <load_address>0x2140</load_address>
         <run_address>0x2140</run_address>
         <size>0x18</size>
         <input_file_ref idref="fl-d5"/>
      </object_component>
      <object_component id="oc-187">
         <name>.text:UARTEnable</name>
         <load_address>0x2158</load_address>
         <run_address>0x2158</run_address>
         <size>0x14</size>
         <input_file_ref idref="fl-df"/>
      </object_component>
      <object_component id="oc-101">
         <name>.text</name>
         <load_address>0x216c</load_address>
         <run_address>0x216c</run_address>
         <size>0x14</size>
         <input_file_ref idref="fl-d4"/>
      </object_component>
      <object_component id="oc-1f3">
         <name>.text:GPIOPinTypeGPIOInput</name>
         <load_address>0x2180</load_address>
         <run_address>0x2180</run_address>
         <size>0x12</size>
         <input_file_ref idref="fl-db"/>
      </object_component>
      <object_component id="oc-147">
         <name>.text:GPIOPinTypeI2C</name>
         <load_address>0x2192</load_address>
         <run_address>0x2192</run_address>
         <size>0x12</size>
         <input_file_ref idref="fl-db"/>
      </object_component>
      <object_component id="oc-141">
         <name>.text:GPIOPinTypeI2CSCL</name>
         <load_address>0x21a4</load_address>
         <run_address>0x21a4</run_address>
         <size>0x12</size>
         <input_file_ref idref="fl-db"/>
      </object_component>
      <object_component id="oc-12d">
         <name>.text:GPIOPinTypeUART</name>
         <load_address>0x21b6</load_address>
         <run_address>0x21b6</run_address>
         <size>0x12</size>
         <input_file_ref idref="fl-db"/>
      </object_component>
      <object_component id="oc-18">
         <name>.text:decompress:none</name>
         <load_address>0x21c8</load_address>
         <run_address>0x21c8</run_address>
         <size>0xe</size>
         <input_file_ref idref="fl-c7"/>
      </object_component>
      <object_component id="oc-2b">
         <name>.text</name>
         <load_address>0x21d6</load_address>
         <run_address>0x21d6</run_address>
         <size>0xc</size>
         <input_file_ref idref="fl-9"/>
      </object_component>
      <object_component id="oc-207">
         <name>.text:I2CMasterEnable</name>
         <load_address>0x21e2</load_address>
         <run_address>0x21e2</run_address>
         <size>0xa</size>
         <input_file_ref idref="fl-dc"/>
      </object_component>
      <object_component id="oc-193">
         <name>.text:UARTCharGet</name>
         <load_address>0x21ec</load_address>
         <run_address>0x21ec</run_address>
         <size>0xa</size>
         <input_file_ref idref="fl-df"/>
      </object_component>
      <object_component id="oc-18d">
         <name>.text:UARTCharPut</name>
         <load_address>0x21f6</load_address>
         <run_address>0x21f6</run_address>
         <size>0xa</size>
         <input_file_ref idref="fl-df"/>
      </object_component>
      <object_component id="oc-16b">
         <name>.text:I2CMasterBusy</name>
         <load_address>0x2200</load_address>
         <run_address>0x2200</run_address>
         <size>0x8</size>
         <input_file_ref idref="fl-dc"/>
      </object_component>
      <object_component id="oc-159">
         <name>.text:I2CMasterSlaveAddrSet</name>
         <load_address>0x2208</load_address>
         <run_address>0x2208</run_address>
         <size>0x8</size>
         <input_file_ref idref="fl-dc"/>
      </object_component>
      <object_component id="oc-1f9">
         <name>.text:GPIOPinWrite</name>
         <load_address>0x2210</load_address>
         <run_address>0x2210</run_address>
         <size>0x6</size>
         <input_file_ref idref="fl-db"/>
      </object_component>
      <object_component id="oc-f5">
         <name>.text:SysCtlDelay</name>
         <load_address>0x2216</load_address>
         <run_address>0x2216</run_address>
         <size>0x6</size>
         <input_file_ref idref="fl-de"/>
      </object_component>
      <object_component id="oc-127">
         <name>.text:UARTClockSourceSet</name>
         <load_address>0x221c</load_address>
         <run_address>0x221c</run_address>
         <size>0x6</size>
         <input_file_ref idref="fl-df"/>
      </object_component>
      <object_component id="oc-165">
         <name>.text:I2CMasterControl</name>
         <load_address>0x2222</load_address>
         <run_address>0x2222</run_address>
         <size>0x4</size>
         <input_file_ref idref="fl-dc"/>
      </object_component>
      <object_component id="oc-171">
         <name>.text:I2CMasterDataGet</name>
         <load_address>0x2226</load_address>
         <run_address>0x2226</run_address>
         <size>0x4</size>
         <input_file_ref idref="fl-dc"/>
      </object_component>
      <object_component id="oc-15f">
         <name>.text:I2CMasterDataPut</name>
         <load_address>0x222a</load_address>
         <run_address>0x222a</run_address>
         <size>0x4</size>
         <input_file_ref idref="fl-dc"/>
      </object_component>
      <object_component id="oc-5d">
         <name>.text</name>
         <load_address>0x222e</load_address>
         <run_address>0x222e</run_address>
         <size>0x4</size>
         <input_file_ref idref="fl-d0"/>
      </object_component>
      <object_component id="oc-1d9">
         <name>.const:g_pui32GPIOBaseAddrs</name>
         <load_address>0x2234</load_address>
         <run_address>0x2234</run_address>
         <size>0x90</size>
         <input_file_ref idref="fl-db"/>
      </object_component>
      <object_component id="oc-203">
         <name>.const:g_pui32Xtals</name>
         <load_address>0x22c4</load_address>
         <run_address>0x22c4</run_address>
         <size>0x6c</size>
         <input_file_ref idref="fl-de"/>
      </object_component>
      <object_component id="oc-230">
         <name>.const:.string</name>
         <load_address>0x2330</load_address>
         <run_address>0x2330</run_address>
         <size>0x12</size>
         <input_file_ref idref="fl-a"/>
      </object_component>
      <object_component id="oc-19f">
         <name>.const:g_ui32UARTBase</name>
         <load_address>0x2344</load_address>
         <run_address>0x2344</run_address>
         <size>0xc</size>
         <input_file_ref idref="fl-a"/>
      </object_component>
      <object_component id="oc-199">
         <name>.const:g_ui32UARTPeriph</name>
         <load_address>0x2350</load_address>
         <run_address>0x2350</run_address>
         <size>0xc</size>
         <input_file_ref idref="fl-a"/>
      </object_component>
      <object_component id="oc-1a7">
         <name>.const</name>
         <load_address>0x235c</load_address>
         <run_address>0x235c</run_address>
         <size>0x4</size>
         <input_file_ref idref="fl-a"/>
      </object_component>
      <object_component id="oc-278">
         <name>.cinit..data.load</name>
         <load_address>0x2360</load_address>
         <run_address>0x2360</run_address>
         <size>0x11</size>
      </object_component>
      <object_component id="oc-276">
         <name>__TI_handler_table</name>
         <load_address>0x2374</load_address>
         <run_address>0x2374</run_address>
         <size>0x8</size>
      </object_component>
      <object_component id="oc-277">
         <name>__TI_cinit_table</name>
         <load_address>0x237c</load_address>
         <run_address>0x237c</run_address>
         <size>0x8</size>
      </object_component>
      <object_component id="oc-19c">
         <name>.data</name>
         <load_address>0x20000214</load_address>
         <run_address>0x20000214</run_address>
         <size>0x5</size>
         <input_file_ref idref="fl-a"/>
      </object_component>
      <object_component id="oc-af">
         <name>.data:$O1$$</name>
         <load_address>0x20000200</load_address>
         <run_address>0x20000200</run_address>
         <size>0xc</size>
         <input_file_ref idref="fl-c9"/>
      </object_component>
      <object_component id="oc-75">
         <name>.data</name>
         <load_address>0x2000021c</load_address>
         <run_address>0x2000021c</run_address>
         <size>0x4</size>
         <input_file_ref idref="fl-d1"/>
      </object_component>
      <object_component id="oc-b2">
         <name>.data:$O1$$</name>
         <load_address>0x2000020c</load_address>
         <run_address>0x2000020c</run_address>
         <size>0x8</size>
         <input_file_ref idref="fl-d4"/>
      </object_component>
      <object_component id="oc-2a">
         <name>.stack</name>
         <uninitialized>true</uninitialized>
         <run_address>0x20000000</run_address>
         <size>0x0</size>
         <input_file_ref idref="fl-c5"/>
      </object_component>
      <object_component id="oc-279">
         <name>.stack</name>
         <uninitialized>true</uninitialized>
         <run_address>0x20000000</run_address>
         <size>0x0</size>
      </object_component>
      <object_component id="oc-d8">
         <name>.debug_info</name>
         <load_address>0x0</load_address>
         <run_address>0x0</run_address>
         <size>0x206</size>
         <input_file_ref idref="fl-2"/>
      </object_component>
      <object_component id="oc-3a">
         <name>.debug_info</name>
         <load_address>0x206</load_address>
         <run_address>0x206</run_address>
         <size>0x84</size>
         <input_file_ref idref="fl-2"/>
      </object_component>
      <object_component id="oc-7c">
         <name>.debug_info</name>
         <load_address>0x28a</load_address>
         <run_address>0x28a</run_address>
         <size>0x18b</size>
         <input_file_ref idref="fl-2"/>
      </object_component>
      <object_component id="oc-235">
         <name>.debug_info</name>
         <load_address>0x415</load_address>
         <run_address>0x415</run_address>
         <size>0x1c8</size>
         <input_file_ref idref="fl-3"/>
      </object_component>
      <object_component id="oc-d2">
         <name>.debug_info</name>
         <load_address>0x5dd</load_address>
         <run_address>0x5dd</run_address>
         <size>0x1ab</size>
         <input_file_ref idref="fl-3"/>
      </object_component>
      <object_component id="oc-1b1">
         <name>.debug_info</name>
         <load_address>0x788</load_address>
         <run_address>0x788</run_address>
         <size>0x4e</size>
         <input_file_ref idref="fl-3"/>
      </object_component>
      <object_component id="oc-135">
         <name>.debug_info</name>
         <load_address>0x7d6</load_address>
         <run_address>0x7d6</run_address>
         <size>0x1f0</size>
         <input_file_ref idref="fl-4"/>
      </object_component>
      <object_component id="oc-178">
         <name>.debug_info</name>
         <load_address>0x9c6</load_address>
         <run_address>0x9c6</run_address>
         <size>0x352</size>
         <input_file_ref idref="fl-5"/>
      </object_component>
      <object_component id="oc-de">
         <name>.debug_info</name>
         <load_address>0xd18</load_address>
         <run_address>0xd18</run_address>
         <size>0x92e</size>
         <input_file_ref idref="fl-5"/>
      </object_component>
      <object_component id="oc-1ab">
         <name>.debug_info</name>
         <load_address>0x1646</load_address>
         <run_address>0x1646</run_address>
         <size>0x8b</size>
         <input_file_ref idref="fl-5"/>
      </object_component>
      <object_component id="oc-f7">
         <name>.debug_info</name>
         <load_address>0x16d1</load_address>
         <run_address>0x16d1</run_address>
         <size>0x37c</size>
         <input_file_ref idref="fl-6"/>
      </object_component>
      <object_component id="oc-a8">
         <name>.debug_info</name>
         <load_address>0x1a4d</load_address>
         <run_address>0x1a4d</run_address>
         <size>0x2e9</size>
         <input_file_ref idref="fl-6"/>
      </object_component>
      <object_component id="oc-17a">
         <name>.debug_info</name>
         <load_address>0x1d36</load_address>
         <run_address>0x1d36</run_address>
         <size>0x18a</size>
         <input_file_ref idref="fl-7"/>
      </object_component>
      <object_component id="oc-e4">
         <name>.debug_info</name>
         <load_address>0x1ec0</load_address>
         <run_address>0x1ec0</run_address>
         <size>0x30e5</size>
         <input_file_ref idref="fl-7"/>
      </object_component>
      <object_component id="oc-1cb">
         <name>.debug_info</name>
         <load_address>0x4fa5</load_address>
         <run_address>0x4fa5</run_address>
         <size>0x1b1</size>
         <input_file_ref idref="fl-8"/>
      </object_component>
      <object_component id="oc-f0">
         <name>.debug_info</name>
         <load_address>0x5156</load_address>
         <run_address>0x5156</run_address>
         <size>0x702</size>
         <input_file_ref idref="fl-8"/>
      </object_component>
      <object_component id="oc-33">
         <name>.debug_info</name>
         <load_address>0x5858</load_address>
         <run_address>0x5858</run_address>
         <size>0xf6</size>
         <input_file_ref idref="fl-9"/>
      </object_component>
      <object_component id="oc-10">
         <name>.debug_info</name>
         <load_address>0x594e</load_address>
         <run_address>0x594e</run_address>
         <size>0xe1</size>
         <input_file_ref idref="fl-9"/>
      </object_component>
      <object_component id="oc-2c">
         <name>.debug_info</name>
         <load_address>0x5a2f</load_address>
         <run_address>0x5a2f</run_address>
         <size>0x25d</size>
         <input_file_ref idref="fl-9"/>
      </object_component>
      <object_component id="oc-1b0">
         <name>.debug_info</name>
         <load_address>0x5c8c</load_address>
         <run_address>0x5c8c</run_address>
         <size>0x230</size>
         <input_file_ref idref="fl-a"/>
      </object_component>
      <object_component id="oc-19d">
         <name>.debug_info</name>
         <load_address>0x5ebc</load_address>
         <run_address>0x5ebc</run_address>
         <size>0xcd</size>
         <input_file_ref idref="fl-a"/>
      </object_component>
      <object_component id="oc-1a8">
         <name>.debug_info</name>
         <load_address>0x5f89</load_address>
         <run_address>0x5f89</run_address>
         <size>0xc7</size>
         <input_file_ref idref="fl-a"/>
      </object_component>
      <object_component id="oc-1a0">
         <name>.debug_info</name>
         <load_address>0x6050</load_address>
         <run_address>0x6050</run_address>
         <size>0xd5</size>
         <input_file_ref idref="fl-a"/>
      </object_component>
      <object_component id="oc-19a">
         <name>.debug_info</name>
         <load_address>0x6125</load_address>
         <run_address>0x6125</run_address>
         <size>0xd9</size>
         <input_file_ref idref="fl-a"/>
      </object_component>
      <object_component id="oc-ea">
         <name>.debug_info</name>
         <load_address>0x61fe</load_address>
         <run_address>0x61fe</run_address>
         <size>0x776</size>
         <input_file_ref idref="fl-a"/>
      </object_component>
      <object_component id="oc-26">
         <name>.debug_info</name>
         <load_address>0x6974</load_address>
         <run_address>0x6974</run_address>
         <size>0x160</size>
         <input_file_ref idref="fl-c5"/>
      </object_component>
      <object_component id="oc-86">
         <name>.debug_info</name>
         <load_address>0x6ad4</load_address>
         <run_address>0x6ad4</run_address>
         <size>0xf9</size>
         <input_file_ref idref="fl-c6"/>
      </object_component>
      <object_component id="oc-13">
         <name>.debug_info</name>
         <load_address>0x6bcd</load_address>
         <run_address>0x6bcd</run_address>
         <size>0x245</size>
         <input_file_ref idref="fl-c6"/>
      </object_component>
      <object_component id="oc-35">
         <name>.debug_info</name>
         <load_address>0x6e12</load_address>
         <run_address>0x6e12</run_address>
         <size>0x60</size>
         <input_file_ref idref="fl-c6"/>
      </object_component>
      <object_component id="oc-81">
         <name>.debug_info</name>
         <load_address>0x6e72</load_address>
         <run_address>0x6e72</run_address>
         <size>0x46</size>
         <input_file_ref idref="fl-c6"/>
      </object_component>
      <object_component id="oc-4a">
         <name>.debug_info</name>
         <load_address>0x6eb8</load_address>
         <run_address>0x6eb8</run_address>
         <size>0x140</size>
         <input_file_ref idref="fl-c7"/>
      </object_component>
      <object_component id="oc-19">
         <name>.debug_info</name>
         <load_address>0x6ff8</load_address>
         <run_address>0x6ff8</run_address>
         <size>0x1df</size>
         <input_file_ref idref="fl-c7"/>
      </object_component>
      <object_component id="oc-45">
         <name>.debug_info</name>
         <load_address>0x71d7</load_address>
         <run_address>0x71d7</run_address>
         <size>0x46</size>
         <input_file_ref idref="fl-c7"/>
      </object_component>
      <object_component id="oc-88">
         <name>.debug_info</name>
         <load_address>0x721d</load_address>
         <run_address>0x721d</run_address>
         <size>0x2c</size>
         <input_file_ref idref="fl-c7"/>
      </object_component>
      <object_component id="oc-90">
         <name>.debug_info</name>
         <load_address>0x7249</load_address>
         <run_address>0x7249</run_address>
         <size>0x2c</size>
         <input_file_ref idref="fl-c8"/>
      </object_component>
      <object_component id="oc-b6">
         <name>.debug_info</name>
         <load_address>0x7275</load_address>
         <run_address>0x7275</run_address>
         <size>0x234</size>
         <input_file_ref idref="fl-c9"/>
      </object_component>
      <object_component id="oc-b0">
         <name>.debug_info</name>
         <load_address>0x74a9</load_address>
         <run_address>0x74a9</run_address>
         <size>0x185</size>
         <input_file_ref idref="fl-c9"/>
      </object_component>
      <object_component id="oc-70">
         <name>.debug_info</name>
         <load_address>0x762e</load_address>
         <run_address>0x762e</run_address>
         <size>0x214</size>
         <input_file_ref idref="fl-c9"/>
      </object_component>
      <object_component id="oc-1c1">
         <name>.debug_info</name>
         <load_address>0x7842</load_address>
         <run_address>0x7842</run_address>
         <size>0x132</size>
         <input_file_ref idref="fl-ca"/>
      </object_component>
      <object_component id="oc-1c6">
         <name>.debug_info</name>
         <load_address>0x7974</load_address>
         <run_address>0x7974</run_address>
         <size>0x136</size>
         <input_file_ref idref="fl-cb"/>
      </object_component>
      <object_component id="oc-1b7">
         <name>.debug_info</name>
         <load_address>0x7aaa</load_address>
         <run_address>0x7aaa</run_address>
         <size>0x13a</size>
         <input_file_ref idref="fl-cc"/>
      </object_component>
      <object_component id="oc-40">
         <name>.debug_info</name>
         <load_address>0x7be4</load_address>
         <run_address>0x7be4</run_address>
         <size>0x111</size>
         <input_file_ref idref="fl-cd"/>
      </object_component>
      <object_component id="oc-4c">
         <name>.debug_info</name>
         <load_address>0x7cf5</load_address>
         <run_address>0x7cf5</run_address>
         <size>0x13f</size>
         <input_file_ref idref="fl-ce"/>
      </object_component>
      <object_component id="oc-58">
         <name>.debug_info</name>
         <load_address>0x7e34</load_address>
         <run_address>0x7e34</run_address>
         <size>0x138</size>
         <input_file_ref idref="fl-cf"/>
      </object_component>
      <object_component id="oc-5e">
         <name>.debug_info</name>
         <load_address>0x7f6c</load_address>
         <run_address>0x7f6c</run_address>
         <size>0x148</size>
         <input_file_ref idref="fl-d0"/>
      </object_component>
      <object_component id="oc-76">
         <name>.debug_info</name>
         <load_address>0x80b4</load_address>
         <run_address>0x80b4</run_address>
         <size>0x109</size>
         <input_file_ref idref="fl-d1"/>
      </object_component>
      <object_component id="oc-1a3">
         <name>.debug_info</name>
         <load_address>0x81bd</load_address>
         <run_address>0x81bd</run_address>
         <size>0x13a</size>
         <input_file_ref idref="fl-d2"/>
      </object_component>
      <object_component id="oc-1bc">
         <name>.debug_info</name>
         <load_address>0x82f7</load_address>
         <run_address>0x82f7</run_address>
         <size>0x126</size>
         <input_file_ref idref="fl-d3"/>
      </object_component>
      <object_component id="oc-109">
         <name>.debug_info</name>
         <load_address>0x841d</load_address>
         <run_address>0x841d</run_address>
         <size>0x124</size>
         <input_file_ref idref="fl-d4"/>
      </object_component>
      <object_component id="oc-b3">
         <name>.debug_info</name>
         <load_address>0x8541</load_address>
         <run_address>0x8541</run_address>
         <size>0x113</size>
         <input_file_ref idref="fl-d4"/>
      </object_component>
      <object_component id="oc-102">
         <name>.debug_info</name>
         <load_address>0x8654</load_address>
         <run_address>0x8654</run_address>
         <size>0x21f</size>
         <input_file_ref idref="fl-d4"/>
      </object_component>
      <object_component id="oc-ae">
         <name>.debug_info</name>
         <load_address>0x8873</load_address>
         <run_address>0x8873</run_address>
         <size>0x166</size>
         <input_file_ref idref="fl-d5"/>
      </object_component>
      <object_component id="oc-6a">
         <name>.debug_info</name>
         <load_address>0x89d9</load_address>
         <run_address>0x89d9</run_address>
         <size>0x167</size>
         <input_file_ref idref="fl-d5"/>
      </object_component>
      <object_component id="oc-fa">
         <name>.debug_info</name>
         <load_address>0x8b40</load_address>
         <run_address>0x8b40</run_address>
         <size>0x5e</size>
         <input_file_ref idref="fl-d5"/>
      </object_component>
      <object_component id="oc-a6">
         <name>.debug_info</name>
         <load_address>0x8b9e</load_address>
         <run_address>0x8b9e</run_address>
         <size>0x2e9</size>
         <input_file_ref idref="fl-d6"/>
      </object_component>
      <object_component id="oc-64">
         <name>.debug_info</name>
         <load_address>0x8e87</load_address>
         <run_address>0x8e87</run_address>
         <size>0x190</size>
         <input_file_ref idref="fl-d6"/>
      </object_component>
      <object_component id="oc-c1">
         <name>.debug_info</name>
         <load_address>0x9017</load_address>
         <run_address>0x9017</run_address>
         <size>0x39</size>
         <input_file_ref idref="fl-d6"/>
      </object_component>
      <object_component id="oc-114">
         <name>.debug_info</name>
         <load_address>0x9050</load_address>
         <run_address>0x9050</run_address>
         <size>0x39</size>
         <input_file_ref idref="fl-d6"/>
      </object_component>
      <object_component id="oc-c6">
         <name>.debug_info</name>
         <load_address>0x9089</load_address>
         <run_address>0x9089</run_address>
         <size>0xcd</size>
         <input_file_ref idref="fl-d6"/>
      </object_component>
      <object_component id="oc-bd">
         <name>.debug_info</name>
         <load_address>0x9156</load_address>
         <run_address>0x9156</run_address>
         <size>0x1e0</size>
         <input_file_ref idref="fl-d7"/>
      </object_component>
      <object_component id="oc-9a">
         <name>.debug_info</name>
         <load_address>0x9336</load_address>
         <run_address>0x9336</run_address>
         <size>0x183</size>
         <input_file_ref idref="fl-d7"/>
      </object_component>
      <object_component id="oc-10f">
         <name>.debug_info</name>
         <load_address>0x94b9</load_address>
         <run_address>0x94b9</run_address>
         <size>0x2c</size>
         <input_file_ref idref="fl-d7"/>
      </object_component>
      <object_component id="oc-22b">
         <name>.debug_info</name>
         <load_address>0x94e5</load_address>
         <run_address>0x94e5</run_address>
         <size>0x147</size>
         <input_file_ref idref="fl-d8"/>
      </object_component>
      <object_component id="oc-238">
         <name>.debug_info</name>
         <load_address>0x962c</load_address>
         <run_address>0x962c</run_address>
         <size>0x147</size>
         <input_file_ref idref="fl-d9"/>
      </object_component>
      <object_component id="oc-a0">
         <name>.debug_info</name>
         <load_address>0x9773</load_address>
         <run_address>0x9773</run_address>
         <size>0x145</size>
         <input_file_ref idref="fl-da"/>
      </object_component>
      <object_component id="oc-1dd">
         <name>.debug_info</name>
         <load_address>0x98b8</load_address>
         <run_address>0x98b8</run_address>
         <size>0x230</size>
         <input_file_ref idref="fl-db"/>
      </object_component>
      <object_component id="oc-1da">
         <name>.debug_info</name>
         <load_address>0x9ae8</load_address>
         <run_address>0x9ae8</run_address>
         <size>0x15b</size>
         <input_file_ref idref="fl-db"/>
      </object_component>
      <object_component id="oc-1fa">
         <name>.debug_info</name>
         <load_address>0x9c43</load_address>
         <run_address>0x9c43</run_address>
         <size>0x2a3</size>
         <input_file_ref idref="fl-db"/>
      </object_component>
      <object_component id="oc-1e1">
         <name>.debug_info</name>
         <load_address>0x9ee6</load_address>
         <run_address>0x9ee6</run_address>
         <size>0x2b3</size>
         <input_file_ref idref="fl-db"/>
      </object_component>
      <object_component id="oc-1e7">
         <name>.debug_info</name>
         <load_address>0xa199</load_address>
         <run_address>0xa199</run_address>
         <size>0x316</size>
         <input_file_ref idref="fl-db"/>
      </object_component>
      <object_component id="oc-12e">
         <name>.debug_info</name>
         <load_address>0xa4af</load_address>
         <run_address>0xa4af</run_address>
         <size>0x27b</size>
         <input_file_ref idref="fl-db"/>
      </object_component>
      <object_component id="oc-142">
         <name>.debug_info</name>
         <load_address>0xa72a</load_address>
         <run_address>0xa72a</run_address>
         <size>0x27f</size>
         <input_file_ref idref="fl-db"/>
      </object_component>
      <object_component id="oc-148">
         <name>.debug_info</name>
         <load_address>0xa9a9</load_address>
         <run_address>0xa9a9</run_address>
         <size>0x279</size>
         <input_file_ref idref="fl-db"/>
      </object_component>
      <object_component id="oc-1ee">
         <name>.debug_info</name>
         <load_address>0xac22</load_address>
         <run_address>0xac22</run_address>
         <size>0x2b7</size>
         <input_file_ref idref="fl-db"/>
      </object_component>
      <object_component id="oc-1f4">
         <name>.debug_info</name>
         <load_address>0xaed9</load_address>
         <run_address>0xaed9</run_address>
         <size>0x285</size>
         <input_file_ref idref="fl-db"/>
      </object_component>
      <object_component id="oc-122">
         <name>.debug_info</name>
         <load_address>0xb15e</load_address>
         <run_address>0xb15e</run_address>
         <size>0x280</size>
         <input_file_ref idref="fl-db"/>
      </object_component>
      <object_component id="oc-20e">
         <name>.debug_info</name>
         <load_address>0xb3de</load_address>
         <run_address>0xb3de</run_address>
         <size>0x231</size>
         <input_file_ref idref="fl-dc"/>
      </object_component>
      <object_component id="oc-15a">
         <name>.debug_info</name>
         <load_address>0xb60f</load_address>
         <run_address>0xb60f</run_address>
         <size>0x2ce</size>
         <input_file_ref idref="fl-dc"/>
      </object_component>
      <object_component id="oc-208">
         <name>.debug_info</name>
         <load_address>0xb8dd</load_address>
         <run_address>0xb8dd</run_address>
         <size>0x24e</size>
         <input_file_ref idref="fl-dc"/>
      </object_component>
      <object_component id="oc-154">
         <name>.debug_info</name>
         <load_address>0xbb2b</load_address>
         <run_address>0xbb2b</run_address>
         <size>0x2d5</size>
         <input_file_ref idref="fl-dc"/>
      </object_component>
      <object_component id="oc-161">
         <name>.debug_info</name>
         <load_address>0xbe00</load_address>
         <run_address>0xbe00</run_address>
         <size>0x27e</size>
         <input_file_ref idref="fl-dc"/>
      </object_component>
      <object_component id="oc-173">
         <name>.debug_info</name>
         <load_address>0xc07e</load_address>
         <run_address>0xc07e</run_address>
         <size>0x254</size>
         <input_file_ref idref="fl-dc"/>
      </object_component>
      <object_component id="oc-167">
         <name>.debug_info</name>
         <load_address>0xc2d2</load_address>
         <run_address>0xc2d2</run_address>
         <size>0x27e</size>
         <input_file_ref idref="fl-dc"/>
      </object_component>
      <object_component id="oc-16d">
         <name>.debug_info</name>
         <load_address>0xc550</load_address>
         <run_address>0xc550</run_address>
         <size>0x24e</size>
         <input_file_ref idref="fl-dc"/>
      </object_component>
      <object_component id="oc-11a">
         <name>.debug_info</name>
         <load_address>0xc79e</load_address>
         <run_address>0xc79e</run_address>
         <size>0x298</size>
         <input_file_ref idref="fl-de"/>
      </object_component>
      <object_component id="oc-204">
         <name>.debug_info</name>
         <load_address>0xca36</load_address>
         <run_address>0xca36</run_address>
         <size>0x14d</size>
         <input_file_ref idref="fl-de"/>
      </object_component>
      <object_component id="oc-13c">
         <name>.debug_info</name>
         <load_address>0xcb83</load_address>
         <run_address>0xcb83</run_address>
         <size>0x27f</size>
         <input_file_ref idref="fl-de"/>
      </object_component>
      <object_component id="oc-17c">
         <name>.debug_info</name>
         <load_address>0xce02</load_address>
         <run_address>0xce02</run_address>
         <size>0x283</size>
         <input_file_ref idref="fl-de"/>
      </object_component>
      <object_component id="oc-11d">
         <name>.debug_info</name>
         <load_address>0xd085</load_address>
         <run_address>0xd085</run_address>
         <size>0x27d</size>
         <input_file_ref idref="fl-de"/>
      </object_component>
      <object_component id="oc-cc">
         <name>.debug_info</name>
         <load_address>0xd302</load_address>
         <run_address>0xd302</run_address>
         <size>0x2db</size>
         <input_file_ref idref="fl-de"/>
      </object_component>
      <object_component id="oc-14e">
         <name>.debug_info</name>
         <load_address>0xd5dd</load_address>
         <run_address>0xd5dd</run_address>
         <size>0x2b5</size>
         <input_file_ref idref="fl-de"/>
      </object_component>
      <object_component id="oc-1d3">
         <name>.debug_info</name>
         <load_address>0xd892</load_address>
         <run_address>0xd892</run_address>
         <size>0x5f</size>
         <input_file_ref idref="fl-de"/>
      </object_component>
      <object_component id="oc-1df">
         <name>.debug_info</name>
         <load_address>0xd8f1</load_address>
         <run_address>0xd8f1</run_address>
         <size>0x227</size>
         <input_file_ref idref="fl-df"/>
      </object_component>
      <object_component id="oc-188">
         <name>.debug_info</name>
         <load_address>0xdb18</load_address>
         <run_address>0xdb18</run_address>
         <size>0x247</size>
         <input_file_ref idref="fl-df"/>
      </object_component>
      <object_component id="oc-21a">
         <name>.debug_info</name>
         <load_address>0xdd5f</load_address>
         <run_address>0xdd5f</run_address>
         <size>0x249</size>
         <input_file_ref idref="fl-df"/>
      </object_component>
      <object_component id="oc-182">
         <name>.debug_info</name>
         <load_address>0xdfa8</load_address>
         <run_address>0xdfa8</run_address>
         <size>0x326</size>
         <input_file_ref idref="fl-df"/>
      </object_component>
      <object_component id="oc-128">
         <name>.debug_info</name>
         <load_address>0xe2ce</load_address>
         <run_address>0xe2ce</run_address>
         <size>0x291</size>
         <input_file_ref idref="fl-df"/>
      </object_component>
      <object_component id="oc-18e">
         <name>.debug_info</name>
         <load_address>0xe55f</load_address>
         <run_address>0xe55f</run_address>
         <size>0x273</size>
         <input_file_ref idref="fl-df"/>
      </object_component>
      <object_component id="oc-194">
         <name>.debug_info</name>
         <load_address>0xe7d2</load_address>
         <run_address>0xe7d2</run_address>
         <size>0x24d</size>
         <input_file_ref idref="fl-df"/>
      </object_component>
      <object_component id="oc-27a">
         <name>.debug_info</name>
         <load_address>0xea1f</load_address>
         <run_address>0xea1f</run_address>
         <size>0x97</size>
      </object_component>
      <object_component id="oc-db">
         <name>.debug_line</name>
         <load_address>0x0</load_address>
         <run_address>0x0</run_address>
         <size>0x82</size>
         <input_file_ref idref="fl-2"/>
      </object_component>
      <object_component id="oc-3d">
         <name>.debug_line</name>
         <load_address>0x82</load_address>
         <run_address>0x82</run_address>
         <size>0x20</size>
         <input_file_ref idref="fl-2"/>
      </object_component>
      <object_component id="oc-7f">
         <name>.debug_line</name>
         <load_address>0xa2</load_address>
         <run_address>0xa2</run_address>
         <size>0x65</size>
         <input_file_ref idref="fl-2"/>
      </object_component>
      <object_component id="oc-255">
         <name>.debug_line</name>
         <load_address>0x107</load_address>
         <run_address>0x107</run_address>
         <size>0xfb</size>
         <input_file_ref idref="fl-3"/>
      </object_component>
      <object_component id="oc-d5">
         <name>.debug_line</name>
         <load_address>0x202</load_address>
         <run_address>0x202</run_address>
         <size>0x4b</size>
         <input_file_ref idref="fl-3"/>
      </object_component>
      <object_component id="oc-1b4">
         <name>.debug_line</name>
         <load_address>0x24d</load_address>
         <run_address>0x24d</run_address>
         <size>0x65</size>
         <input_file_ref idref="fl-3"/>
      </object_component>
      <object_component id="oc-138">
         <name>.debug_line</name>
         <load_address>0x2b2</load_address>
         <run_address>0x2b2</run_address>
         <size>0x5e</size>
         <input_file_ref idref="fl-4"/>
      </object_component>
      <object_component id="oc-215">
         <name>.debug_line</name>
         <load_address>0x310</load_address>
         <run_address>0x310</run_address>
         <size>0xc3</size>
         <input_file_ref idref="fl-5"/>
      </object_component>
      <object_component id="oc-e1">
         <name>.debug_line</name>
         <load_address>0x3d3</load_address>
         <run_address>0x3d3</run_address>
         <size>0xe7</size>
         <input_file_ref idref="fl-5"/>
      </object_component>
      <object_component id="oc-1ae">
         <name>.debug_line</name>
         <load_address>0x4ba</load_address>
         <run_address>0x4ba</run_address>
         <size>0x20</size>
         <input_file_ref idref="fl-5"/>
      </object_component>
      <object_component id="oc-1cd">
         <name>.debug_line</name>
         <load_address>0x4da</load_address>
         <run_address>0x4da</run_address>
         <size>0xd5</size>
         <input_file_ref idref="fl-6"/>
      </object_component>
      <object_component id="oc-ab">
         <name>.debug_line</name>
         <load_address>0x5af</load_address>
         <run_address>0x5af</run_address>
         <size>0x68</size>
         <input_file_ref idref="fl-6"/>
      </object_component>
      <object_component id="oc-217">
         <name>.debug_line</name>
         <load_address>0x617</load_address>
         <run_address>0x617</run_address>
         <size>0x2c</size>
         <input_file_ref idref="fl-7"/>
      </object_component>
      <object_component id="oc-e7">
         <name>.debug_line</name>
         <load_address>0x643</load_address>
         <run_address>0x643</run_address>
         <size>0x9dc</size>
         <input_file_ref idref="fl-7"/>
      </object_component>
      <object_component id="oc-241">
         <name>.debug_line</name>
         <load_address>0x101f</load_address>
         <run_address>0x101f</run_address>
         <size>0x2c</size>
         <input_file_ref idref="fl-8"/>
      </object_component>
      <object_component id="oc-f3">
         <name>.debug_line</name>
         <load_address>0x104b</load_address>
         <run_address>0x104b</run_address>
         <size>0x112</size>
         <input_file_ref idref="fl-8"/>
      </object_component>
      <object_component id="oc-7b">
         <name>.debug_line</name>
         <load_address>0x115d</load_address>
         <run_address>0x115d</run_address>
         <size>0x41</size>
         <input_file_ref idref="fl-9"/>
      </object_component>
      <object_component id="oc-32">
         <name>.debug_line</name>
         <load_address>0x119e</load_address>
         <run_address>0x119e</run_address>
         <size>0x41</size>
         <input_file_ref idref="fl-9"/>
      </object_component>
      <object_component id="oc-2f">
         <name>.debug_line</name>
         <load_address>0x11df</load_address>
         <run_address>0x11df</run_address>
         <size>0xa1</size>
         <input_file_ref idref="fl-9"/>
      </object_component>
      <object_component id="oc-234">
         <name>.debug_line</name>
         <load_address>0x1280</load_address>
         <run_address>0x1280</run_address>
         <size>0x8e</size>
         <input_file_ref idref="fl-a"/>
      </object_component>
      <object_component id="oc-226">
         <name>.debug_line</name>
         <load_address>0x130e</load_address>
         <run_address>0x130e</run_address>
         <size>0x32</size>
         <input_file_ref idref="fl-a"/>
      </object_component>
      <object_component id="oc-232">
         <name>.debug_line</name>
         <load_address>0x1340</load_address>
         <run_address>0x1340</run_address>
         <size>0x32</size>
         <input_file_ref idref="fl-a"/>
      </object_component>
      <object_component id="oc-228">
         <name>.debug_line</name>
         <load_address>0x1372</load_address>
         <run_address>0x1372</run_address>
         <size>0x32</size>
         <input_file_ref idref="fl-a"/>
      </object_component>
      <object_component id="oc-224">
         <name>.debug_line</name>
         <load_address>0x13a4</load_address>
         <run_address>0x13a4</run_address>
         <size>0x32</size>
         <input_file_ref idref="fl-a"/>
      </object_component>
      <object_component id="oc-ed">
         <name>.debug_line</name>
         <load_address>0x13d6</load_address>
         <run_address>0x13d6</run_address>
         <size>0x283</size>
         <input_file_ref idref="fl-a"/>
      </object_component>
      <object_component id="oc-28">
         <name>.debug_line</name>
         <load_address>0x1659</load_address>
         <run_address>0x1659</run_address>
         <size>0x53</size>
         <input_file_ref idref="fl-c5"/>
      </object_component>
      <object_component id="oc-bb">
         <name>.debug_line</name>
         <load_address>0x16ac</load_address>
         <run_address>0x16ac</run_address>
         <size>0x20</size>
         <input_file_ref idref="fl-c6"/>
      </object_component>
      <object_component id="oc-17">
         <name>.debug_line</name>
         <load_address>0x16cc</load_address>
         <run_address>0x16cc</run_address>
         <size>0xa9</size>
         <input_file_ref idref="fl-c6"/>
      </object_component>
      <object_component id="oc-38">
         <name>.debug_line</name>
         <load_address>0x1775</load_address>
         <run_address>0x1775</run_address>
         <size>0x3a</size>
         <input_file_ref idref="fl-c6"/>
      </object_component>
      <object_component id="oc-84">
         <name>.debug_line</name>
         <load_address>0x17af</load_address>
         <run_address>0x17af</run_address>
         <size>0x8a</size>
         <input_file_ref idref="fl-c6"/>
      </object_component>
      <object_component id="oc-8e">
         <name>.debug_line</name>
         <load_address>0x1839</load_address>
         <run_address>0x1839</run_address>
         <size>0x8a</size>
         <input_file_ref idref="fl-c7"/>
      </object_component>
      <object_component id="oc-1d">
         <name>.debug_line</name>
         <load_address>0x18c3</load_address>
         <run_address>0x18c3</run_address>
         <size>0x55</size>
         <input_file_ref idref="fl-c7"/>
      </object_component>
      <object_component id="oc-48">
         <name>.debug_line</name>
         <load_address>0x1918</load_address>
         <run_address>0x1918</run_address>
         <size>0x3a</size>
         <input_file_ref idref="fl-c7"/>
      </object_component>
      <object_component id="oc-8b">
         <name>.debug_line</name>
         <load_address>0x1952</load_address>
         <run_address>0x1952</run_address>
         <size>0x8a</size>
         <input_file_ref idref="fl-c7"/>
      </object_component>
      <object_component id="oc-93">
         <name>.debug_line</name>
         <load_address>0x19dc</load_address>
         <run_address>0x19dc</run_address>
         <size>0x8a</size>
         <input_file_ref idref="fl-c8"/>
      </object_component>
      <object_component id="oc-10c">
         <name>.debug_line</name>
         <load_address>0x1a66</load_address>
         <run_address>0x1a66</run_address>
         <size>0xf2</size>
         <input_file_ref idref="fl-c9"/>
      </object_component>
      <object_component id="oc-100">
         <name>.debug_line</name>
         <load_address>0x1b58</load_address>
         <run_address>0x1b58</run_address>
         <size>0x2a</size>
         <input_file_ref idref="fl-c9"/>
      </object_component>
      <object_component id="oc-73">
         <name>.debug_line</name>
         <load_address>0x1b82</load_address>
         <run_address>0x1b82</run_address>
         <size>0x86</size>
         <input_file_ref idref="fl-c9"/>
      </object_component>
      <object_component id="oc-1c4">
         <name>.debug_line</name>
         <load_address>0x1c08</load_address>
         <run_address>0x1c08</run_address>
         <size>0xa8</size>
         <input_file_ref idref="fl-ca"/>
      </object_component>
      <object_component id="oc-1c9">
         <name>.debug_line</name>
         <load_address>0x1cb0</load_address>
         <run_address>0x1cb0</run_address>
         <size>0x67</size>
         <input_file_ref idref="fl-cb"/>
      </object_component>
      <object_component id="oc-1ba">
         <name>.debug_line</name>
         <load_address>0x1d17</load_address>
         <run_address>0x1d17</run_address>
         <size>0x117</size>
         <input_file_ref idref="fl-cc"/>
      </object_component>
      <object_component id="oc-43">
         <name>.debug_line</name>
         <load_address>0x1e2e</load_address>
         <run_address>0x1e2e</run_address>
         <size>0x88</size>
         <input_file_ref idref="fl-cd"/>
      </object_component>
      <object_component id="oc-4f">
         <name>.debug_line</name>
         <load_address>0x1eb6</load_address>
         <run_address>0x1eb6</run_address>
         <size>0x79</size>
         <input_file_ref idref="fl-ce"/>
      </object_component>
      <object_component id="oc-5b">
         <name>.debug_line</name>
         <load_address>0x1f2f</load_address>
         <run_address>0x1f2f</run_address>
         <size>0x3d</size>
         <input_file_ref idref="fl-cf"/>
      </object_component>
      <object_component id="oc-61">
         <name>.debug_line</name>
         <load_address>0x1f6c</load_address>
         <run_address>0x1f6c</run_address>
         <size>0x40</size>
         <input_file_ref idref="fl-d0"/>
      </object_component>
      <object_component id="oc-b9">
         <name>.debug_line</name>
         <load_address>0x1fac</load_address>
         <run_address>0x1fac</run_address>
         <size>0x33</size>
         <input_file_ref idref="fl-d1"/>
      </object_component>
      <object_component id="oc-1a6">
         <name>.debug_line</name>
         <load_address>0x1fdf</load_address>
         <run_address>0x1fdf</run_address>
         <size>0x5b</size>
         <input_file_ref idref="fl-d2"/>
      </object_component>
      <object_component id="oc-1bf">
         <name>.debug_line</name>
         <load_address>0x203a</load_address>
         <run_address>0x203a</run_address>
         <size>0x4c</size>
         <input_file_ref idref="fl-d3"/>
      </object_component>
      <object_component id="oc-1d0">
         <name>.debug_line</name>
         <load_address>0x2086</load_address>
         <run_address>0x2086</run_address>
         <size>0x20</size>
         <input_file_ref idref="fl-d4"/>
      </object_component>
      <object_component id="oc-108">
         <name>.debug_line</name>
         <load_address>0x20a6</load_address>
         <run_address>0x20a6</run_address>
         <size>0x2b</size>
         <input_file_ref idref="fl-d4"/>
      </object_component>
      <object_component id="oc-105">
         <name>.debug_line</name>
         <load_address>0x20d1</load_address>
         <run_address>0x20d1</run_address>
         <size>0x68</size>
         <input_file_ref idref="fl-d4"/>
      </object_component>
      <object_component id="oc-f9">
         <name>.debug_line</name>
         <load_address>0x2139</load_address>
         <run_address>0x2139</run_address>
         <size>0x2b</size>
         <input_file_ref idref="fl-d5"/>
      </object_component>
      <object_component id="oc-6d">
         <name>.debug_line</name>
         <load_address>0x2164</load_address>
         <run_address>0x2164</run_address>
         <size>0x4a</size>
         <input_file_ref idref="fl-d5"/>
      </object_component>
      <object_component id="oc-fd">
         <name>.debug_line</name>
         <load_address>0x21ae</load_address>
         <run_address>0x21ae</run_address>
         <size>0x2b</size>
         <input_file_ref idref="fl-d5"/>
      </object_component>
      <object_component id="oc-c0">
         <name>.debug_line</name>
         <load_address>0x21d9</load_address>
         <run_address>0x21d9</run_address>
         <size>0xa9</size>
         <input_file_ref idref="fl-d6"/>
      </object_component>
      <object_component id="oc-67">
         <name>.debug_line</name>
         <load_address>0x2282</load_address>
         <run_address>0x2282</run_address>
         <size>0x8b</size>
         <input_file_ref idref="fl-d6"/>
      </object_component>
      <object_component id="oc-c4">
         <name>.debug_line</name>
         <load_address>0x230d</load_address>
         <run_address>0x230d</run_address>
         <size>0x2e</size>
         <input_file_ref idref="fl-d6"/>
      </object_component>
      <object_component id="oc-117">
         <name>.debug_line</name>
         <load_address>0x233b</load_address>
         <run_address>0x233b</run_address>
         <size>0x8a</size>
         <input_file_ref idref="fl-d6"/>
      </object_component>
      <object_component id="oc-c9">
         <name>.debug_line</name>
         <load_address>0x23c5</load_address>
         <run_address>0x23c5</run_address>
         <size>0x8b</size>
         <input_file_ref idref="fl-d6"/>
      </object_component>
      <object_component id="oc-10e">
         <name>.debug_line</name>
         <load_address>0x2450</load_address>
         <run_address>0x2450</run_address>
         <size>0x98</size>
         <input_file_ref idref="fl-d7"/>
      </object_component>
      <object_component id="oc-9d">
         <name>.debug_line</name>
         <load_address>0x24e8</load_address>
         <run_address>0x24e8</run_address>
         <size>0x68</size>
         <input_file_ref idref="fl-d7"/>
      </object_component>
      <object_component id="oc-112">
         <name>.debug_line</name>
         <load_address>0x2550</load_address>
         <run_address>0x2550</run_address>
         <size>0x2e</size>
         <input_file_ref idref="fl-d7"/>
      </object_component>
      <object_component id="oc-22a">
         <name>.debug_line</name>
         <load_address>0x257e</load_address>
         <run_address>0x257e</run_address>
         <size>0x3b</size>
         <input_file_ref idref="fl-d8"/>
      </object_component>
      <object_component id="oc-23a">
         <name>.debug_line</name>
         <load_address>0x25b9</load_address>
         <run_address>0x25b9</run_address>
         <size>0x3b</size>
         <input_file_ref idref="fl-d9"/>
      </object_component>
      <object_component id="oc-a3">
         <name>.debug_line</name>
         <load_address>0x25f4</load_address>
         <run_address>0x25f4</run_address>
         <size>0x3c</size>
         <input_file_ref idref="fl-da"/>
      </object_component>
      <object_component id="oc-245">
         <name>.debug_line</name>
         <load_address>0x2630</load_address>
         <run_address>0x2630</run_address>
         <size>0x82</size>
         <input_file_ref idref="fl-db"/>
      </object_component>
      <object_component id="oc-243">
         <name>.debug_line</name>
         <load_address>0x26b2</load_address>
         <run_address>0x26b2</run_address>
         <size>0x7d</size>
         <input_file_ref idref="fl-db"/>
      </object_component>
      <object_component id="oc-1fd">
         <name>.debug_line</name>
         <load_address>0x272f</load_address>
         <run_address>0x272f</run_address>
         <size>0x92</size>
         <input_file_ref idref="fl-db"/>
      </object_component>
      <object_component id="oc-1e4">
         <name>.debug_line</name>
         <load_address>0x27c1</load_address>
         <run_address>0x27c1</run_address>
         <size>0x95</size>
         <input_file_ref idref="fl-db"/>
      </object_component>
      <object_component id="oc-1ea">
         <name>.debug_line</name>
         <load_address>0x2856</load_address>
         <run_address>0x2856</run_address>
         <size>0xd1</size>
         <input_file_ref idref="fl-db"/>
      </object_component>
      <object_component id="oc-131">
         <name>.debug_line</name>
         <load_address>0x2927</load_address>
         <run_address>0x2927</run_address>
         <size>0x93</size>
         <input_file_ref idref="fl-db"/>
      </object_component>
      <object_component id="oc-145">
         <name>.debug_line</name>
         <load_address>0x29ba</load_address>
         <run_address>0x29ba</run_address>
         <size>0x93</size>
         <input_file_ref idref="fl-db"/>
      </object_component>
      <object_component id="oc-14b">
         <name>.debug_line</name>
         <load_address>0x2a4d</load_address>
         <run_address>0x2a4d</run_address>
         <size>0x93</size>
         <input_file_ref idref="fl-db"/>
      </object_component>
      <object_component id="oc-1f1">
         <name>.debug_line</name>
         <load_address>0x2ae0</load_address>
         <run_address>0x2ae0</run_address>
         <size>0x99</size>
         <input_file_ref idref="fl-db"/>
      </object_component>
      <object_component id="oc-1f7">
         <name>.debug_line</name>
         <load_address>0x2b79</load_address>
         <run_address>0x2b79</run_address>
         <size>0x93</size>
         <input_file_ref idref="fl-db"/>
      </object_component>
      <object_component id="oc-125">
         <name>.debug_line</name>
         <load_address>0x2c0c</load_address>
         <run_address>0x2c0c</run_address>
         <size>0xa7</size>
         <input_file_ref idref="fl-db"/>
      </object_component>
      <object_component id="oc-251">
         <name>.debug_line</name>
         <load_address>0x2cb3</load_address>
         <run_address>0x2cb3</run_address>
         <size>0x82</size>
         <input_file_ref idref="fl-dc"/>
      </object_component>
      <object_component id="oc-15d">
         <name>.debug_line</name>
         <load_address>0x2d35</load_address>
         <run_address>0x2d35</run_address>
         <size>0x91</size>
         <input_file_ref idref="fl-dc"/>
      </object_component>
      <object_component id="oc-20b">
         <name>.debug_line</name>
         <load_address>0x2dc6</load_address>
         <run_address>0x2dc6</run_address>
         <size>0x91</size>
         <input_file_ref idref="fl-dc"/>
      </object_component>
      <object_component id="oc-157">
         <name>.debug_line</name>
         <load_address>0x2e57</load_address>
         <run_address>0x2e57</run_address>
         <size>0xa5</size>
         <input_file_ref idref="fl-dc"/>
      </object_component>
      <object_component id="oc-160">
         <name>.debug_line</name>
         <load_address>0x2efc</load_address>
         <run_address>0x2efc</run_address>
         <size>0x91</size>
         <input_file_ref idref="fl-dc"/>
      </object_component>
      <object_component id="oc-172">
         <name>.debug_line</name>
         <load_address>0x2f8d</load_address>
         <run_address>0x2f8d</run_address>
         <size>0x91</size>
         <input_file_ref idref="fl-dc"/>
      </object_component>
      <object_component id="oc-166">
         <name>.debug_line</name>
         <load_address>0x301e</load_address>
         <run_address>0x301e</run_address>
         <size>0x91</size>
         <input_file_ref idref="fl-dc"/>
      </object_component>
      <object_component id="oc-16c">
         <name>.debug_line</name>
         <load_address>0x30af</load_address>
         <run_address>0x30af</run_address>
         <size>0x91</size>
         <input_file_ref idref="fl-dc"/>
      </object_component>
      <object_component id="oc-1d2">
         <name>.debug_line</name>
         <load_address>0x3140</load_address>
         <run_address>0x3140</run_address>
         <size>0x13d</size>
         <input_file_ref idref="fl-de"/>
      </object_component>
      <object_component id="oc-24e">
         <name>.debug_line</name>
         <load_address>0x327d</load_address>
         <run_address>0x327d</run_address>
         <size>0x7f</size>
         <input_file_ref idref="fl-de"/>
      </object_component>
      <object_component id="oc-13f">
         <name>.debug_line</name>
         <load_address>0x32fc</load_address>
         <run_address>0x32fc</run_address>
         <size>0x94</size>
         <input_file_ref idref="fl-de"/>
      </object_component>
      <object_component id="oc-17f">
         <name>.debug_line</name>
         <load_address>0x3390</load_address>
         <run_address>0x3390</run_address>
         <size>0x94</size>
         <input_file_ref idref="fl-de"/>
      </object_component>
      <object_component id="oc-11c">
         <name>.debug_line</name>
         <load_address>0x3424</load_address>
         <run_address>0x3424</run_address>
         <size>0x94</size>
         <input_file_ref idref="fl-de"/>
      </object_component>
      <object_component id="oc-cf">
         <name>.debug_line</name>
         <load_address>0x34b8</load_address>
         <run_address>0x34b8</run_address>
         <size>0xee</size>
         <input_file_ref idref="fl-de"/>
      </object_component>
      <object_component id="oc-151">
         <name>.debug_line</name>
         <load_address>0x35a6</load_address>
         <run_address>0x35a6</run_address>
         <size>0x11a</size>
         <input_file_ref idref="fl-de"/>
      </object_component>
      <object_component id="oc-1d6">
         <name>.debug_line</name>
         <load_address>0x36c0</load_address>
         <run_address>0x36c0</run_address>
         <size>0x7f</size>
         <input_file_ref idref="fl-de"/>
      </object_component>
      <object_component id="oc-247">
         <name>.debug_line</name>
         <load_address>0x373f</load_address>
         <run_address>0x373f</run_address>
         <size>0x82</size>
         <input_file_ref idref="fl-df"/>
      </object_component>
      <object_component id="oc-18b">
         <name>.debug_line</name>
         <load_address>0x37c1</load_address>
         <run_address>0x37c1</run_address>
         <size>0x93</size>
         <input_file_ref idref="fl-df"/>
      </object_component>
      <object_component id="oc-21d">
         <name>.debug_line</name>
         <load_address>0x3854</load_address>
         <run_address>0x3854</run_address>
         <size>0x96</size>
         <input_file_ref idref="fl-df"/>
      </object_component>
      <object_component id="oc-185">
         <name>.debug_line</name>
         <load_address>0x38ea</load_address>
         <run_address>0x38ea</run_address>
         <size>0xb3</size>
         <input_file_ref idref="fl-df"/>
      </object_component>
      <object_component id="oc-12b">
         <name>.debug_line</name>
         <load_address>0x399d</load_address>
         <run_address>0x399d</run_address>
         <size>0x92</size>
         <input_file_ref idref="fl-df"/>
      </object_component>
      <object_component id="oc-191">
         <name>.debug_line</name>
         <load_address>0x3a2f</load_address>
         <run_address>0x3a2f</run_address>
         <size>0x93</size>
         <input_file_ref idref="fl-df"/>
      </object_component>
      <object_component id="oc-197">
         <name>.debug_line</name>
         <load_address>0x3ac2</load_address>
         <run_address>0x3ac2</run_address>
         <size>0x93</size>
         <input_file_ref idref="fl-df"/>
      </object_component>
      <object_component id="oc-dc">
         <name>.debug_frame</name>
         <load_address>0x0</load_address>
         <run_address>0x0</run_address>
         <size>0x88</size>
         <input_file_ref idref="fl-2"/>
      </object_component>
      <object_component id="oc-d6">
         <name>.debug_frame</name>
         <load_address>0x88</load_address>
         <run_address>0x88</run_address>
         <size>0x58</size>
         <input_file_ref idref="fl-3"/>
      </object_component>
      <object_component id="oc-139">
         <name>.debug_frame</name>
         <load_address>0xe0</load_address>
         <run_address>0xe0</run_address>
         <size>0x70</size>
         <input_file_ref idref="fl-4"/>
      </object_component>
      <object_component id="oc-e2">
         <name>.debug_frame</name>
         <load_address>0x150</load_address>
         <run_address>0x150</run_address>
         <size>0xc2</size>
         <input_file_ref idref="fl-5"/>
      </object_component>
      <object_component id="oc-ac">
         <name>.debug_frame</name>
         <load_address>0x212</load_address>
         <run_address>0x212</run_address>
         <size>0x5a</size>
         <input_file_ref idref="fl-6"/>
      </object_component>
      <object_component id="oc-e8">
         <name>.debug_frame</name>
         <load_address>0x26c</load_address>
         <run_address>0x26c</run_address>
         <size>0x8fc</size>
         <input_file_ref idref="fl-7"/>
      </object_component>
      <object_component id="oc-f4">
         <name>.debug_frame</name>
         <load_address>0xb68</load_address>
         <run_address>0xb68</run_address>
         <size>0xd2</size>
         <input_file_ref idref="fl-8"/>
      </object_component>
      <object_component id="oc-30">
         <name>.debug_frame</name>
         <load_address>0xc3a</load_address>
         <run_address>0xc3a</run_address>
         <size>0x84</size>
         <input_file_ref idref="fl-9"/>
      </object_component>
      <object_component id="oc-ee">
         <name>.debug_frame</name>
         <load_address>0xcbe</load_address>
         <run_address>0xcbe</run_address>
         <size>0xfb</size>
         <input_file_ref idref="fl-a"/>
      </object_component>
      <object_component id="oc-16">
         <name>.debug_frame</name>
         <load_address>0xdb9</load_address>
         <run_address>0xdb9</run_address>
         <size>0x60</size>
         <input_file_ref idref="fl-c6"/>
      </object_component>
      <object_component id="oc-1c">
         <name>.debug_frame</name>
         <load_address>0xe19</load_address>
[...]
      </symbol>
      <symbol id="sm-148">
         <name>MPU_WriteI2CSlave0Reg</name>
         <value>0x43d</value>
         <object_component_ref idref="oc-e3"/>
      </symbol>
      <symbol id="sm-149">
         <name>MPU_WriteI2CMasterDelayCtl</name>
         <value>0x74f</value>
         <object_component_ref idref="oc-e3"/>
      </symbol>
      <symbol id="sm-14a">
         <name>MPU_ReadI2Slave2Addr</name>
         <value>0x531</value>
         <object_component_ref idref="oc-e3"/>
      </symbol>
      <symbol id="sm-14b">
         <name>MPU_ReadI2Slave1Ctrl</name>
         <value>0x4f1</value>
         <object_component_ref idref="oc-e3"/>
      </symbol>
      <symbol id="sm-14c">
         <name>MPU_WriteAcceConfiguration</name>
         <value>0x35d</value>
         <object_component_ref idref="oc-e3"/>
      </symbol>
      <symbol id="sm-14d">
         <name>MPU_ReadI2CMasterControl</name>
         <value>0x411</value>
         <object_component_ref idref="oc-e3"/>
      </symbol>
      <symbol id="sm-14e">
         <name>MPU_WriteFIFOEnable</name>
         <value>0x3dd</value>
         <object_component_ref idref="oc-e3"/>
      </symbol>
      <symbol id="sm-14f">
         <name>MPU_WriteSelfTestAcce</name>
         <value>0x291</value>
         <object_component_ref idref="oc-e3"/>
      </symbol>
      <symbol id="sm-150">
         <name>MPU_ReadAcceIntControl</name>
         <value>0x7a3</value>
         <object_component_ref idref="oc-e3"/>
      </symbol>
      <symbol id="sm-151">
         <name>MPU_ReadSelfTestGyro</name>
         <value>0x27f</value>
         <object_component_ref idref="oc-e3"/>
      </symbol>
      <symbol id="sm-152">
         <name>MPU_WriteINTEnable</name>
         <value>0x6d5</value>
         <object_component_ref idref="oc-e3"/>
      </symbol>
      <symbol id="sm-153">
         <name>MPU_ReadI2Slave3Addr</name>
         <value>0x5b1</value>
         <object_component_ref idref="oc-e3"/>
      </symbol>
      <symbol id="sm-154">
         <name>MPU_ReadI2CMasterStatus</name>
         <value>0x6a9</value>
         <object_component_ref idref="oc-e3"/>
      </symbol>
      <symbol id="sm-155">
         <name>MPU_ReadI2Slave2Ctrl</name>
         <value>0x571</value>
         <object_component_ref idref="oc-e3"/>
      </symbol>
      <symbol id="sm-156">
         <name>MPU_ReadI2Slave2Reg</name>
         <value>0x551</value>
         <object_component_ref idref="oc-e3"/>
      </symbol>
      <symbol id="sm-157">
         <name>MPU_WriteI2CSlave3Reg</name>
         <value>0x5bd</value>
         <object_component_ref idref="oc-e3"/>
      </symbol>
      <symbol id="sm-158">
         <name>MPU_WriteI2CMasterControl</name>
         <value>0x3fd</value>
         <object_component_ref idref="oc-e3"/>
      </symbol>
      <symbol id="sm-159">
         <name>MPU_ReadSampleRateDivider</name>
         <value>0x311</value>
         <object_component_ref idref="oc-e3"/>
      </symbol>
      <symbol id="sm-15a">
         <name>MPU_WhoAmI</name>
         <value>0x841</value>
         <object_component_ref idref="oc-e3"/>
      </symbol>
      <symbol id="sm-15b">
         <name>MPU_WriteI2CSlave3DO</name>
         <value>0x5fd</value>
         <object_component_ref idref="oc-e3"/>
      </symbol>
      <symbol id="sm-15c">
         <name>MPU_ReadConfiguration</name>
         <value>0x331</value>
         <object_component_ref idref="oc-e3"/>
      </symbol>
      <symbol id="sm-15d">
         <name>MPU_ReadI2Slave2DO</name>
         <value>0x591</value>
         <object_component_ref idref="oc-e3"/>
      </symbol>
      <symbol id="sm-15e">
         <name>MPU_WritePowerManagement1</name>
         <value>0x7cf</value>
         <object_component_ref idref="oc-e3"/>
      </symbol>
      <symbol id="sm-15f">
         <name>MPU_WritePowerManagement2</name>
         <value>0x7ef</value>
         <object_component_ref idref="oc-e3"/>
      </symbol>
      <symbol id="sm-160">
         <name>MPU_ReadI2Slave4Reg</name>
         <value>0x651</value>
         <object_component_ref idref="oc-e3"/>
      </symbol>
      <symbol id="sm-161">
         <name>MPU_WriteI2CSlave2Addr</name>
         <value>0x51d</value>
         <object_component_ref idref="oc-e3"/>
      </symbol>
      <symbol id="sm-162">
         <name>MPU_WriteAcceIntControl</name>
         <value>0x78f</value>
         <object_component_ref idref="oc-e3"/>
      </symbol>
      <symbol id="sm-163">
         <name>MPU_WriteI2CSlave4Ctrl</name>
         <value>0x65d</value>
         <object_component_ref idref="oc-e3"/>
      </symbol>
      <symbol id="sm-164">
         <name>MPU_ReadINTPinEnable</name>
         <value>0x6c9</value>
         <object_component_ref idref="oc-e3"/>
      </symbol>
      <symbol id="sm-165">
         <name>MPU_ReadI2Slave3Ctrl</name>
         <value>0x5f1</value>
         <object_component_ref idref="oc-e3"/>
      </symbol>
      <symbol id="sm-166">
         <name>MPU_WriteI2CSlave4Reg</name>
         <value>0x63d</value>
         <object_component_ref idref="oc-e3"/>
      </symbol>
      <symbol id="sm-167">
         <name>MPU_ReadUserControl</name>
         <value>0x7c3</value>
         <object_component_ref idref="oc-e3"/>
      </symbol>
      <symbol id="sm-168">
         <name>MPU_WriteAcceLowPowerODR</name>
         <value>0x39d</value>
         <object_component_ref idref="oc-e3"/>
      </symbol>
      <symbol id="sm-169">
         <name>MPU_WriteUserControl</name>
         <value>0x7af</value>
         <object_component_ref idref="oc-e3"/>
      </symbol>
      <symbol id="sm-16a">
         <name>MPU_ReadExternalSensors</name>
         <value>0x737</value>
         <object_component_ref idref="oc-e3"/>
      </symbol>
      <symbol id="sm-16b">
         <name>MPU_WriteI2CSlave3Addr</name>
         <value>0x59d</value>
         <object_component_ref idref="oc-e3"/>
      </symbol>
      <symbol id="sm-16c">
         <name>MPU_ReadI2Slave1Reg</name>
         <value>0x4d1</value>
         <object_component_ref idref="oc-e3"/>
      </symbol>
      <symbol id="sm-16d">
         <name>MPU_WriteI2CSlave2Reg</name>
         <value>0x53d</value>
         <object_component_ref idref="oc-e3"/>
      </symbol>
      <symbol id="sm-16e">
         <name>MPU_ReadGyroConfiguration</name>
         <value>0x351</value>
         <object_component_ref idref="oc-e3"/>
      </symbol>
      <symbol id="sm-16f">
         <name>MPU_ReadINTEnable</name>
         <value>0x6e9</value>
         <object_component_ref idref="oc-e3"/>
      </symbol>
      <symbol id="sm-185">
         <name>MPU9250_Motion</name>
         <value>0x10dd</value>
         <object_component_ref idref="oc-ef"/>
      </symbol>
      <symbol id="sm-186">
         <name>MPU9250_Accelerometer</name>
         <value>0xf55</value>
         <object_component_ref idref="oc-ef"/>
      </symbol>
      <symbol id="sm-187">
         <name>MPU9250_calibrate</name>
         <value>0xce9</value>
         <object_component_ref idref="oc-ef"/>
      </symbol>
      <symbol id="sm-188">
         <name>MPU9250_Temperature</name>
         <value>0x1099</value>
         <object_component_ref idref="oc-ef"/>
      </symbol>
      <symbol id="sm-189">
         <name>MPU9250_Gyroscope</name>
         <value>0xff1</value>
         <object_component_ref idref="oc-ef"/>
      </symbol>
      <symbol id="sm-1a5">
         <name>ResetISR</name>
         <value>0x21d7</value>
         <object_component_ref idref="oc-2b"/>
      </symbol>
      <symbol id="sm-1a6">
         <name>g_pfnVectors</name>
         <value>0x0</value>
         <object_component_ref idref="oc-f"/>
      </symbol>
      <symbol id="sm-215">
         <name>UARTgetc</name>
         <value>0x993</value>
         <object_component_ref idref="oc-e9"/>
      </symbol>
      <symbol id="sm-216">
         <name>UARTgets</name>
         <value>0x8d9</value>
         <object_component_ref idref="oc-e9"/>
      </symbol>
      <symbol id="sm-217">
         <name>UARTStdioConfig</name>
         <value>0x84d</value>
         <object_component_ref idref="oc-e9"/>
      </symbol>
      <symbol id="sm-218">
         <name>UARTwrite</name>
         <value>0x893</value>
         <object_component_ref idref="oc-e9"/>
      </symbol>
      <symbol id="sm-219">
         <name>UARTprintf</name>
         <value>0xcb3</value>
         <object_component_ref idref="oc-e9"/>
      </symbol>
      <symbol id="sm-21a">
         <name>UARTvprintf</name>
         <value>0x9b9</value>
         <object_component_ref idref="oc-e9"/>
      </symbol>
      <symbol id="sm-22b">
         <name>_c_int00</name>
         <value>0x1d6d</value>
         <object_component_ref idref="oc-24"/>
      </symbol>
      <symbol id="sm-22c">
         <name>__stack</name>
         <value>0x20000000</value>
         <object_component_ref idref="oc-2a"/>
      </symbol>
      <symbol id="sm-24a">
         <name>__TI_decompress_lzss</name>
         <value>0x1caf</value>
         <object_component_ref idref="oc-12"/>
      </symbol>
      <symbol id="sm-261">
         <name>__TI_decompress_none</name>
         <value>0x21c9</value>
         <object_component_ref idref="oc-18"/>
      </symbol>
      <symbol id="sm-288">
         <name>C$$EXIT</name>
         <value>0x1dc1</value>
         <object_component_ref idref="oc-6f"/>
      </symbol>
      <symbol id="sm-289">
         <name>abort</name>
         <value>0x1dc5</value>
         <object_component_ref idref="oc-6f"/>
      </symbol>
      <symbol id="sm-28a">
         <name>exit</name>
         <value>0x1dcd</value>
         <object_component_ref idref="oc-6f"/>
      </symbol>
      <symbol id="sm-28b">
         <name>__TI_dtors_ptr</name>
         <value>0x20000204</value>
         <object_component_ref idref="oc-af"/>
      </symbol>
      <symbol id="sm-28c">
         <name>__TI_cleanup_ptr</name>
         <value>0x20000200</value>
         <object_component_ref idref="oc-af"/>
      </symbol>
      <symbol id="sm-28d">
         <name>__TI_enable_exit_profile_output</name>
         <value>0x20000208</value>
         <object_component_ref idref="oc-af"/>
      </symbol>
      <symbol id="sm-2a1">
         <name>__aeabi_ddiv</name>
         <value>0x1553</value>
         <object_component_ref idref="oc-1c0"/>
      </symbol>
      <symbol id="sm-2ad">
         <name>__aeabi_d2f</name>
         <value>0x1c41</value>
         <object_component_ref idref="oc-1c5"/>
      </symbol>
      <symbol id="sm-2cc">
         <name>__aeabi_ldivmod</name>
         <value>0x1335</value>
         <object_component_ref idref="oc-1b6"/>
      </symbol>
      <symbol id="sm-2e7">
         <name>memcpy</name>
         <value>0x1ab9</value>
         <object_component_ref idref="oc-3f"/>
      </symbol>
      <symbol id="sm-2e8">
         <name>__aeabi_memcpy</name>
         <value>0x1ab9</value>
         <object_component_ref idref="oc-3f"/>
      </symbol>
      <symbol id="sm-2e9">
         <name>__aeabi_memcpy8</name>
         <value>0x1ab9</value>
         <object_component_ref idref="oc-3f"/>
      </symbol>
      <symbol id="sm-2ea">
         <name>__aeabi_memcpy4</name>
         <value>0x1ab9</value>
         <object_component_ref idref="oc-3f"/>
      </symbol>
      <symbol id="sm-2f9">
         <name>__aeabi_memset</name>
         <value>0x1b57</value>
         <object_component_ref idref="oc-4b"/>
      </symbol>
      <symbol id="sm-2fa">
         <name>memset</name>
         <value>0x1b5d</value>
         <object_component_ref idref="oc-4b"/>
      </symbol>
      <symbol id="sm-2fb">
         <name>__aeabi_memset8</name>
         <value>0x1b57</value>
         <object_component_ref idref="oc-4b"/>
      </symbol>
      <symbol id="sm-2fc">
         <name>__aeabi_memset4</name>
         <value>0x1b57</value>
         <object_component_ref idref="oc-4b"/>
      </symbol>
      <symbol id="sm-2fd">
         <name>__aeabi_memclr8</name>
         <value>0x1b55</value>
         <object_component_ref idref="oc-4b"/>
      </symbol>
      <symbol id="sm-2fe">
         <name>__aeabi_memclr4</name>
         <value>0x1b55</value>
         <object_component_ref idref="oc-4b"/>
      </symbol>
      <symbol id="sm-2ff">
         <name>__aeabi_memclr</name>
         <value>0x1b55</value>
         <object_component_ref idref="oc-4b"/>
      </symbol>
      <symbol id="sm-309">
         <name>__mpu_init</name>
         <value>0x1d17</value>
         <object_component_ref idref="oc-57"/>
      </symbol>
      <symbol id="sm-313">
         <name>_system_pre_init</name>
         <value>0x222f</value>
         <object_component_ref idref="oc-5d"/>
      </symbol>
      <symbol id="sm-31b">
         <name>main_func_sp</name>
         <value>0x2000021c</value>
         <object_component_ref idref="oc-75"/>
      </symbol>
      <symbol id="sm-32a">
         <name>__aeabi_uidivmod</name>
         <value>0x1fd7</value>
         <object_component_ref idref="oc-1a2"/>
      </symbol>
      <symbol id="sm-32b">
         <name>__aeabi_uidiv</name>
         <value>0x1fd7</value>
         <object_component_ref idref="oc-1a2"/>
      </symbol>
      <symbol id="sm-335">
         <name>__aeabi_ui2d</name>
         <value>0x2109</value>
         <object_component_ref idref="oc-1bb"/>
      </symbol>
      <symbol id="sm-34e">
         <name>_nop</name>
         <value>0x217b</value>
         <object_component_ref idref="oc-101"/>
      </symbol>
      <symbol id="sm-34f">
         <name>_lock</name>
         <value>0x2000020c</value>
         <object_component_ref idref="oc-b2"/>
      </symbol>
      <symbol id="sm-350">
         <name>_unlock</name>
         <value>0x20000210</value>
         <object_component_ref idref="oc-b2"/>
      </symbol>
      <symbol id="sm-351">
         <name>_register_lock</name>
         <value>0x2173</value>
         <object_component_ref idref="oc-101"/>
      </symbol>
      <symbol id="sm-352">
         <name>_register_unlock</name>
         <value>0x216d</value>
         <object_component_ref idref="oc-101"/>
      </symbol>
      <symbol id="sm-366">
         <name>_args_main</name>
         <value>0x2141</value>
         <object_component_ref idref="oc-69"/>
      </symbol>
      <symbol id="sm-390">
         <name>__TI_auto_init</name>
         <value>0x1bd1</value>
         <object_component_ref idref="oc-63"/>
      </symbol>
      <symbol id="sm-3aa">
         <name>copy_in</name>
         <value>0x1efd</value>
         <object_component_ref idref="oc-99"/>
      </symbol>
      <symbol id="sm-3b4">
         <name>__aeabi_idiv0</name>
         <value>0x17bb</value>
         <object_component_ref idref="oc-229"/>
      </symbol>
      <symbol id="sm-3be">
         <name>__aeabi_ldiv0</name>
         <value>0x1bcf</value>
         <object_component_ref idref="oc-236"/>
      </symbol>
      <symbol id="sm-3c8">
         <name>_system_post_cinit</name>
         <value>0x2017</value>
         <object_component_ref idref="oc-9f"/>
      </symbol>
      <symbol id="sm-422">
         <name>GPIOPinConfigure</name>
         <value>0x1f49</value>
         <object_component_ref idref="oc-121"/>
      </symbol>
      <symbol id="sm-423">
         <name>GPIOPinTypeI2CSCL</name>
         <value>0x21a5</value>
         <object_component_ref idref="oc-141"/>
      </symbol>
      <symbol id="sm-424">
         <name>GPIOPinTypeI2C</name>
         <value>0x2193</value>
         <object_component_ref idref="oc-147"/>
      </symbol>
      <symbol id="sm-425">
         <name>GPIOPinTypeGPIOInput</name>
         <value>0x2181</value>
         <object_component_ref idref="oc-1f3"/>
      </symbol>
      <symbol id="sm-426">
         <name>GPIOPinTypeUART</name>
         <value>0x21b7</value>
         <object_component_ref idref="oc-12d"/>
      </symbol>
      <symbol id="sm-427">
         <name>GPIOPinTypeGPIOOutput</name>
         <value>0x2129</value>
         <object_component_ref idref="oc-1ed"/>
      </symbol>
      <symbol id="sm-428">
         <name>GPIODirModeSet</name>
         <value>0x20bd</value>
         <object_component_ref idref="oc-1e0"/>
      </symbol>
      <symbol id="sm-429">
         <name>GPIOPinWrite</name>
         <value>0x2211</value>
         <object_component_ref idref="oc-1f9"/>
      </symbol>
      <symbol id="sm-42a">
         <name>GPIOPadConfigSet</name>
         <value>0x1689</value>
         <object_component_ref idref="oc-1e6"/>
      </symbol>
      <symbol id="sm-46b">
         <name>I2CMasterDataPut</name>
         <value>0x222b</value>
         <object_component_ref idref="oc-15f"/>
      </symbol>
      <symbol id="sm-46c">
         <name>I2CMasterInitExpClk</name>
         <value>0x1e65</value>
         <object_component_ref idref="oc-153"/>
      </symbol>
      <symbol id="sm-46d">
         <name>I2CMasterSlaveAddrSet</name>
         <value>0x2209</value>
         <object_component_ref idref="oc-159"/>
      </symbol>
      <symbol id="sm-46e">
         <name>I2CMasterDataGet</name>
         <value>0x2227</value>
         <object_component_ref idref="oc-171"/>
      </symbol>
      <symbol id="sm-46f">
         <name>I2CMasterControl</name>
         <value>0x2223</value>
         <object_component_ref idref="oc-165"/>
      </symbol>
      <symbol id="sm-470">
         <name>I2CMasterBusy</name>
         <value>0x2201</value>
         <object_component_ref idref="oc-16b"/>
      </symbol>
      <symbol id="sm-471">
         <name>I2CMasterEnable</name>
         <value>0x21e3</value>
         <object_component_ref idref="oc-207"/>
      </symbol>
      <symbol id="sm-4da">
         <name>SysCtlPeripheralPresent</name>
         <value>0x2019</value>
         <object_component_ref idref="oc-17b"/>
      </symbol>
      <symbol id="sm-4db">
         <name>SysCtlClockSet</name>
         <value>0x19c5</value>
         <object_component_ref idref="oc-cb"/>
      </symbol>
      <symbol id="sm-4dc">
         <name>SysCtlDelay</name>
         <value>0x2217</value>
         <object_component_ref idref="oc-f5"/>
      </symbol>
      <symbol id="sm-4dd">
         <name>SysCtlPeripheralEnable</name>
         <value>0x2089</value>
         <object_component_ref idref="oc-11b"/>
      </symbol>
      <symbol id="sm-4de">
         <name>SysCtlClockGet</name>
         <value>0x17bd</value>
         <object_component_ref idref="oc-14d"/>
      </symbol>
      <symbol id="sm-4df">
         <name>SysCtlPeripheralReady</name>
         <value>0x2051</value>
         <object_component_ref idref="oc-13b"/>
      </symbol>
      <symbol id="sm-51a">
         <name>UARTConfigSetExpClk</name>
         <value>0x1f91</value>
         <object_component_ref idref="oc-181"/>
      </symbol>
      <symbol id="sm-51b">
         <name>UARTDisable</name>
         <value>0x20e9</value>
         <object_component_ref idref="oc-219"/>
      </symbol>
      <symbol id="sm-51c">
         <name>UARTClockSourceSet</name>
         <value>0x221d</value>
         <object_component_ref idref="oc-127"/>
      </symbol>
      <symbol id="sm-51d">
         <name>UARTCharPut</name>
         <value>0x21f7</value>
         <object_component_ref idref="oc-18d"/>
      </symbol>
      <symbol id="sm-51e">
         <name>UARTEnable</name>
         <value>0x2159</value>
         <object_component_ref idref="oc-187"/>
      </symbol>
      <symbol id="sm-51f">
         <name>UARTCharGet</name>
         <value>0x21ed</value>
         <object_component_ref idref="oc-193"/>
      </symbol>
      <symbol id="sm-521">
         <name>__TI_static_base__</name>
         <value>0x0</value>
      </symbol>
      <symbol id="sm-524">
         <name>SHT$$INIT_ARRAY$$Limit</name>
         <value>0x0</value>
      </symbol>
      <symbol id="sm-525">
         <name>SHT$$INIT_ARRAY$$Base</name>
         <value>0x0</value>
      </symbol>
   </symbol_table>
   <title>Link successful</title>
</link_info>
